Version 3
// entity 0
{
"classname" "env_probe"
"name" ""
"angle" "88.571777"
"origin" "-8 -2439 -11"
"spawnclass" "EnvironmentProbe"
}
// entity 1
{
"classname" "env_probe"
"name" ""
"angle" "183.718872"
"origin" "-18 -1749 65"
"spawnclass" "EnvironmentProbe"
}
// entity 2
{
"classname" "env_probe"
"name" ""
"angle" "178.522339"
"origin" "-114 -1198 35"
"spawnclass" "EnvironmentProbe"
}
// entity 3
{
"classname" "env_probe"
"name" ""
"angle" "89.093628"
"origin" "74 -923 32"
"spawnclass" "EnvironmentProbe"
}
// entity 4
{
"classname" "env_probe"
"name" ""
"angle" "3.845215"
"origin" "909 -741 240"
"spawnclass" "EnvironmentProbe"
}
// entity 5
{
"classname" "env_probe"
"name" ""
"angle" "354.193726"
"origin" "378 432 28"
"spawnclass" "EnvironmentProbe"
}
// entity 6
{
"classname" "env_probe"
"name" ""
"angle" "240.748901"
"origin" "-358 1871 73"
"spawnclass" "EnvironmentProbe"
}
// entity 7
{
"classname" "env_probe"
"name" ""
"angle" "265.281372"
"origin" "-9 2267 88"
"spawnclass" "EnvironmentProbe"
}
// entity 8
{
"classname" "env_probe"
"name" ""
"angle" "272.235718"
"origin" "63 2872 116"
"spawnclass" "EnvironmentProbe"
}
// entity 9
{
"classname" "env_probe"
"name" ""
"angle" "178.846436"
"origin" "351 2994 79"
"spawnclass" "EnvironmentProbe"
}
// entity 10
{
"classname" "env_probe"
"name" ""
"angle" "91.203003"
"origin" "1191 2983 97"
"spawnclass" "EnvironmentProbe"
}
// entity 11
{
"classname" "env_probe"
"name" ""
"angle" "178.764038"
"origin" "1640 2803 73"
"spawnclass" "EnvironmentProbe"
}
// entity 12
{
"classname" "env_probe"
"name" ""
"angle" "89.225464"
"origin" "1204 2389 67"
"spawnclass" "EnvironmentProbe"
}
// entity 13
{
"classname" "env_probe"
"name" ""
"angle" "356.940308"
"origin" "1173 1661 76"
"spawnclass" "EnvironmentProbe"
}
// entity 14
{
"classname" "env_probe"
"name" "env_probe_generated_area_0_pos_1984_2656_28"
"origin" "1984 2656 28"
"spawnclass" "EnvironmentProbe"
}
// entity 15
{
"classname" "env_probe"
"name" "env_probe_generated_area_5_pos_1568_2528_92"
"origin" "1568 2528 92"
"spawnclass" "EnvironmentProbe"
}
// entity 16
{
"classname" "env_probe"
"name" "env_probe_generated_area_6_pos_1440_2528_92"
"origin" "1440 2528 92"
"spawnclass" "EnvironmentProbe"
}
// entity 17
{
"classname" "env_probe"
"name" "env_probe_generated_area_8_pos_1184_1528_168"
"origin" "1184 1528 168"
"spawnclass" "EnvironmentProbe"
}
// entity 18
{
"classname" "env_probe"
"name" "env_probe_generated_area_9_pos_1184_1824__169"
"origin" "1184 1824 -169"
"spawnclass" "EnvironmentProbe"
}
// entity 19
{
"classname" "env_probe"
"name" "env_probe_generated_area_10_pos_1440_544_224"
"origin" "1440 544 224"
"spawnclass" "EnvironmentProbe"
}
// entity 20
{
"classname" "env_probe"
"name" "env_probe_generated_area_11_pos_1408_192_224"
"origin" "1408 192 224"
"spawnclass" "EnvironmentProbe"
}
// entity 21
{
"classname" "env_probe"
"name" "env_probe_generated_area_13_pos_1344_544_232"
"origin" "1344 544 232"
"spawnclass" "EnvironmentProbe"
}
// entity 22
{
"classname" "env_probe"
"name" "env_probe_generated_area_14_pos_1344_368_224"
"origin" "1344 368 224"
"spawnclass" "EnvironmentProbe"
}
// entity 23
{
"classname" "env_probe"
"name" "env_probe_generated_area_15_pos_1344_192_232"
"origin" "1344 192 232"
"spawnclass" "EnvironmentProbe"
}
// entity 24
{
"classname" "env_probe"
"name" "env_probe_generated_area_16_pos_1344_64_224"
"origin" "1344 64 224"
"spawnclass" "EnvironmentProbe"
}
// entity 25
{
"classname" "env_probe"
"name" "env_probe_generated_area_17_pos_1248_544_224"
"origin" "1248 544 224"
"spawnclass" "EnvironmentProbe"
}
// entity 26
{
"classname" "env_probe"
"name" "env_probe_generated_area_18_pos_1280_192_224"
"origin" "1280 192 224"
"spawnclass" "EnvironmentProbe"
}
// entity 27
{
"classname" "env_probe"
"name" "env_probe_generated_area_19_pos_1168_544_96"
"origin" "1168 544 96"
"spawnclass" "EnvironmentProbe"
}
// entity 28
{
"classname" "env_probe"
"name" "env_probe_generated_area_20_pos_1376_224_88"
"origin" "1376 224 88"
"spawnclass" "EnvironmentProbe"
}
// entity 29
{
"classname" "env_probe"
"name" "env_probe_generated_area_21_pos_944_240_84"
"origin" "944 240 84"
"spawnclass" "EnvironmentProbe"
}
// entity 30
{
"classname" "env_probe"
"name" "env_probe_generated_area_22_pos_1584_64_80"
"origin" "1584 64 80"
"spawnclass" "EnvironmentProbe"
}
// entity 31
{
"classname" "env_probe"
"name" "env_probe_generated_area_23_pos_1344__32_76"
"origin" "1344 -32 76"
"spawnclass" "EnvironmentProbe"
}
// entity 32
{
"classname" "env_probe"
"name" "env_probe_generated_area_24_pos_1344_368_80"
"origin" "1344 368 80"
"spawnclass" "EnvironmentProbe"
}
// entity 33
{
"classname" "env_probe"
"name" "env_probe_generated_area_25_pos_1344__64_232"
"origin" "1344 -64 232"
"spawnclass" "EnvironmentProbe"
}
// entity 34
{
"classname" "env_probe"
"name" "env_probe_generated_area_26_pos_1200__64_224"
"origin" "1200 -64 224"
"spawnclass" "EnvironmentProbe"
}
// entity 35
{
"classname" "env_probe"
"name" "env_probe_generated_area_27_pos_1056__88_232"
"origin" "1056 -88 232"
"spawnclass" "EnvironmentProbe"
}
// entity 36
{
"classname" "env_probe"
"name" "env_probe_generated_area_28_pos_1716__352_272"
"origin" "1716 -352 272"
"spawnclass" "EnvironmentProbe"
}
// entity 37
{
"classname" "env_probe"
"name" "env_probe_generated_area_29_pos_1492__352_272"
"origin" "1492 -352 272"
"spawnclass" "EnvironmentProbe"
}
// entity 38
{
"classname" "env_probe"
"name" "env_probe_generated_area_30_pos_1712__528_272"
"origin" "1712 -528 272"
"spawnclass" "EnvironmentProbe"
}
// entity 39
{
"classname" "env_probe"
"name" "env_probe_generated_area_31_pos_1696__688_272"
"origin" "1696 -688 272"
"spawnclass" "EnvironmentProbe"
}
// entity 40
{
"classname" "env_probe"
"name" "env_probe_generated_area_32_pos_1296__348_272"
"origin" "1296 -348 272"
"spawnclass" "EnvironmentProbe"
}
// entity 41
{
"classname" "env_probe"
"name" "env_probe_generated_area_33_pos_864__504_288"
"origin" "864 -504 288"
"spawnclass" "EnvironmentProbe"
}
// entity 42
{
"classname" "env_probe"
"name" "env_probe_generated_area_34_pos_1312__476_272"
"origin" "1312 -476 272"
"spawnclass" "EnvironmentProbe"
}
// entity 43
{
"classname" "env_probe"
"name" "env_probe_generated_area_35_pos_1316__608_272"
"origin" "1316 -608 272"
"spawnclass" "EnvironmentProbe"
}
// entity 44
{
"classname" "env_probe"
"name" "env_probe_generated_area_36_pos_1184__608_272"
"origin" "1184 -608 272"
"spawnclass" "EnvironmentProbe"
}
// entity 45
{
"classname" "env_probe"
"name" "env_probe_generated_area_37_pos_1720__428_72"
"origin" "1720 -428 72"
"spawnclass" "EnvironmentProbe"
}
// entity 46
{
"classname" "env_probe"
"name" "env_probe_generated_area_38_pos_1492__352_80"
"origin" "1492 -352 80"
"spawnclass" "EnvironmentProbe"
}
// entity 47
{
"classname" "env_probe"
"name" "env_probe_generated_area_39_pos_1344__208_80"
"origin" "1344 -208 80"
"spawnclass" "EnvironmentProbe"
}
// entity 48
{
"classname" "env_probe"
"name" "env_probe_generated_area_40_pos_1344__360_80"
"origin" "1344 -360 80"
"spawnclass" "EnvironmentProbe"
}
// entity 49
{
"classname" "env_probe"
"name" "env_probe_generated_area_41_pos_1056__64_78"
"origin" "1056 -64 78"
"spawnclass" "EnvironmentProbe"
}
// entity 50
{
"classname" "env_probe"
"name" "env_probe_generated_area_42_pos_1696__688_92"
"origin" "1696 -688 92"
"spawnclass" "EnvironmentProbe"
}
// entity 51
{
"classname" "env_probe"
"name" "env_probe_generated_area_43_pos_1696__656__40"
"origin" "1696 -656 -40"
"spawnclass" "EnvironmentProbe"
}
// entity 52
{
"classname" "env_probe"
"name" "env_probe_generated_area_44_pos_1828__784__44"
"origin" "1828 -784 -44"
"spawnclass" "EnvironmentProbe"
}
// entity 53
{
"classname" "env_probe"
"name" "env_probe_generated_area_45_pos_1700__751__44"
"origin" "1700 -751 -44"
"spawnclass" "EnvironmentProbe"
}
// entity 54
{
"classname" "env_probe"
"name" "env_probe_generated_area_46_pos_768_3056_144"
"origin" "768 3056 144"
"spawnclass" "EnvironmentProbe"
}
// entity 55
{
"classname" "env_probe"
"name" "env_probe_generated_area_48_pos_768_2788_112"
"origin" "768 2788 112"
"spawnclass" "EnvironmentProbe"
}
// entity 56
{
"classname" "env_probe"
"name" "env_probe_generated_area_49_pos_672_2132_96"
"origin" "672 2132 96"
"spawnclass" "EnvironmentProbe"
}
// entity 57
{
"classname" "env_probe"
"name" "env_probe_generated_area_50_pos_696_2080__48"
"origin" "696 2080 -48"
"spawnclass" "EnvironmentProbe"
}
// entity 58
{
"classname" "env_probe"
"name" "env_probe_generated_area_51_pos__256_2128_104"
"origin" "-256 2128 104"
"spawnclass" "EnvironmentProbe"
}
// entity 59
{
"classname" "env_probe"
"name" "env_probe_generated_area_52_pos_522_1824_72"
"origin" "522 1824 72"
"spawnclass" "EnvironmentProbe"
}
// entity 60
{
"classname" "env_probe"
"name" "env_probe_generated_area_54_pos_736_1818_104"
"origin" "736 1818 104"
"spawnclass" "EnvironmentProbe"
}
// entity 61
{
"classname" "env_probe"
"name" "env_probe_generated_area_55_pos_815_1546_112"
"origin" "815 1546 112"
"spawnclass" "EnvironmentProbe"
}
// entity 62
{
"classname" "env_probe"
"name" "env_probe_generated_area_56_pos_320_1136_368"
"origin" "320 1136 368"
"spawnclass" "EnvironmentProbe"
}
// entity 63
{
"classname" "env_probe"
"name" "env_probe_generated_area_57_pos_736_1536_32"
"origin" "736 1536 32"
"spawnclass" "EnvironmentProbe"
}
// entity 64
{
"classname" "env_probe"
"name" "env_probe_generated_area_58_pos_250_1824_84"
"origin" "250 1824 84"
"spawnclass" "EnvironmentProbe"
}
// entity 65
{
"classname" "env_probe"
"name" "env_probe_generated_area_59_pos_240_1824_308"
"origin" "240 1824 308"
"spawnclass" "EnvironmentProbe"
}
// entity 66
{
"classname" "env_probe"
"name" "env_probe_generated_area_60_pos__50_1760_302"
"origin" "-50 1760 302"
"spawnclass" "EnvironmentProbe"
}
// entity 67
{
"classname" "env_probe"
"name" "env_probe_generated_area_61_pos__80_1760_80"
"origin" "-80 1760 80"
"spawnclass" "EnvironmentProbe"
}
// entity 68
{
"classname" "env_probe"
"name" "env_probe_generated_area_62_pos_288_1648_292"
"origin" "288 1648 292"
"spawnclass" "EnvironmentProbe"
}
// entity 69
{
"classname" "env_probe"
"name" "env_probe_generated_area_63_pos__32_1632_304"
"origin" "-32 1632 304"
"spawnclass" "EnvironmentProbe"
}
// entity 70
{
"classname" "env_probe"
"name" "env_probe_generated_area_64_pos_272_1648_92"
"origin" "272 1648 92"
"spawnclass" "EnvironmentProbe"
}
// entity 71
{
"classname" "env_probe"
"name" "env_probe_generated_area_65_pos_500_1296_88"
"origin" "500 1296 88"
"spawnclass" "EnvironmentProbe"
}
// entity 72
{
"classname" "env_probe"
"name" "env_probe_generated_area_66_pos_12_1296_88"
"origin" "12 1296 88"
"spawnclass" "EnvironmentProbe"
}
// entity 73
{
"classname" "env_probe"
"name" "env_probe_generated_area_67_pos_256_1086_72"
"origin" "256 1086 72"
"spawnclass" "EnvironmentProbe"
}
// entity 74
{
"classname" "env_probe"
"name" "env_probe_generated_area_68_pos__32_1632_80"
"origin" "-32 1632 80"
"spawnclass" "EnvironmentProbe"
}
// entity 75
{
"classname" "env_probe"
"name" "env_probe_generated_area_69_pos_256_1376_71"
"origin" "256 1376 71"
"spawnclass" "EnvironmentProbe"
}
// entity 76
{
"classname" "env_probe"
"name" "env_probe_generated_area_70_pos_864_1512__64"
"origin" "864 1512 -64"
"spawnclass" "EnvironmentProbe"
}
// entity 77
{
"classname" "env_probe"
"name" "env_probe_generated_area_71_pos_800_1512__64"
"origin" "800 1512 -64"
"spawnclass" "EnvironmentProbe"
}
// entity 78
{
"classname" "env_probe"
"name" "env_probe_generated_area_72_pos__64_400_276"
"origin" "-64 400 276"
"spawnclass" "EnvironmentProbe"
}
// entity 79
{
"classname" "env_probe"
"name" "env_probe_generated_area_73_pos_560_576_272"
"origin" "560 576 272"
"spawnclass" "EnvironmentProbe"
}
// entity 80
{
"classname" "env_probe"
"name" "env_probe_generated_area_74_pos__24__16_272"
"origin" "-24 -16 272"
"spawnclass" "EnvironmentProbe"
}
// entity 81
{
"classname" "env_probe"
"name" "env_probe_generated_area_75_pos_370_0_268"
"origin" "370 0 268"
"spawnclass" "EnvironmentProbe"
}
// entity 82
{
"classname" "env_probe"
"name" "env_probe_generated_area_76_pos_486_64_252"
"origin" "486 64 252"
"spawnclass" "EnvironmentProbe"
}
// entity 83
{
"classname" "env_probe"
"name" "env_probe_generated_area_77_pos_800_928_96"
"origin" "800 928 96"
"spawnclass" "EnvironmentProbe"
}
// entity 84
{
"classname" "env_probe"
"name" "env_probe_generated_area_78_pos_608_544_96"
"origin" "608 544 96"
"spawnclass" "EnvironmentProbe"
}
// entity 85
{
"classname" "env_probe"
"name" "env_probe_generated_area_79_pos_208_576_88"
"origin" "208 576 88"
"spawnclass" "EnvironmentProbe"
}
// entity 86
{
"classname" "env_probe"
"name" "env_probe_generated_area_80_pos_928_928_80"
"origin" "928 928 80"
"spawnclass" "EnvironmentProbe"
}
// entity 87
{
"classname" "env_probe"
"name" "env_probe_generated_area_81_pos_672_928_80"
"origin" "672 928 80"
"spawnclass" "EnvironmentProbe"
}
// entity 88
{
"classname" "env_probe"
"name" "env_probe_generated_area_82_pos_960_800_80"
"origin" "960 800 80"
"spawnclass" "EnvironmentProbe"
}
// entity 89
{
"classname" "env_probe"
"name" "env_probe_generated_area_83_pos_656_832_64"
"origin" "656 832 64"
"spawnclass" "EnvironmentProbe"
}
// entity 90
{
"classname" "env_probe"
"name" "env_probe_generated_area_84_pos__48__32_88"
"origin" "-48 -32 88"
"spawnclass" "EnvironmentProbe"
}
// entity 91
{
"classname" "env_probe"
"name" "env_probe_generated_area_85_pos_288__48_64"
"origin" "288 -48 64"
"spawnclass" "EnvironmentProbe"
}
// entity 92
{
"classname" "env_probe"
"name" "env_probe_generated_area_86_pos_332__192_272"
"origin" "332 -192 272"
"spawnclass" "EnvironmentProbe"
}
// entity 93
{
"classname" "env_probe"
"name" "env_probe_generated_area_87_pos__112__400_276"
"origin" "-112 -400 276"
"spawnclass" "EnvironmentProbe"
}
// entity 94
{
"classname" "env_probe"
"name" "env_probe_generated_area_88_pos_704__512_80"
"origin" "704 -512 80"
"spawnclass" "EnvironmentProbe"
}
// entity 95
{
"classname" "env_probe"
"name" "env_probe_generated_area_89_pos_48__400_88"
"origin" "48 -400 88"
"spawnclass" "EnvironmentProbe"
}
// entity 96
{
"classname" "env_probe"
"name" "env_probe_generated_area_90_pos_79__640_88"
"origin" "79 -640 88"
"spawnclass" "EnvironmentProbe"
}
// entity 97
{
"classname" "env_probe"
"name" "env_probe_generated_area_91_pos_736__160_80"
"origin" "736 -160 80"
"spawnclass" "EnvironmentProbe"
}
// entity 98
{
"classname" "env_probe"
"name" "env_probe_generated_area_92_pos_304__496_64"
"origin" "304 -496 64"
"spawnclass" "EnvironmentProbe"
}
// entity 99
{
"classname" "env_probe"
"name" "env_probe_generated_area_93_pos_256__288_64"
"origin" "256 -288 64"
"spawnclass" "EnvironmentProbe"
}
// entity 100
{
"classname" "env_probe"
"name" "env_probe_generated_area_94_pos_160__1104_64"
"origin" "160 -1104 64"
"spawnclass" "EnvironmentProbe"
}
// entity 101
{
"classname" "env_probe"
"name" "env_probe_generated_area_95_pos_8__2144__34"
"origin" "8 -2144 -34"
"spawnclass" "EnvironmentProbe"
}
// entity 102
{
"classname" "env_probe"
"name" "env_probe_generated_area_96_pos_512__1424_64"
"origin" "512 -1424 64"
"spawnclass" "EnvironmentProbe"
}
// entity 103
{
"classname" "env_probe"
"name" "env_probe_generated_area_97_pos_496__1705_64"
"origin" "496 -1705 64"
"spawnclass" "EnvironmentProbe"
}
// entity 104
{
"classname" "env_probe"
"name" "env_probe_generated_area_98_pos_698__2208_80"
"origin" "698 -2208 80"
"spawnclass" "EnvironmentProbe"
}
// entity 105
{
"classname" "env_probe"
"name" "env_probe_generated_area_99_pos_360__2160_78"
"origin" "360 -2160 78"
"spawnclass" "EnvironmentProbe"
}
// entity 106
{
"classname" "env_probe"
"name" "env_probe_generated_area_100_pos_962__2112_76"
"origin" "962 -2112 76"
"spawnclass" "EnvironmentProbe"
}
// entity 107
{
"classname" "env_probe"
"name" "env_probe_generated_area_101_pos_0__1500_48"
"origin" "0 -1500 48"
"spawnclass" "EnvironmentProbe"
}
// entity 108
{
"classname" "env_probe"
"name" "env_probe_generated_area_103_pos__198_1760_286"
"origin" "-198 1760 286"
"spawnclass" "EnvironmentProbe"
}
// entity 109
{
"classname" "env_probe"
"name" "env_probe_generated_area_104_pos__697_7_296"
"origin" "-697 7 296"
"spawnclass" "EnvironmentProbe"
}
// entity 110
{
"classname" "env_probe"
"name" "env_probe_generated_area_105_pos__899_0_256"
"origin" "-899 0 256"
"spawnclass" "EnvironmentProbe"
}
// entity 111
{
"classname" "env_probe"
"name" "env_probe_generated_area_106_pos__384_0_88"
"origin" "-384 0 88"
"spawnclass" "EnvironmentProbe"
}
// entity 112
{
"classname" "env_probe"
"name" "env_probe_generated_area_107_pos__560__16_88"
"origin" "-560 -16 88"
"spawnclass" "EnvironmentProbe"
}
// entity 113
{
"classname" "env_probe"
"name" "env_probe_generated_area_108_pos__575__192_88"
"origin" "-575 -192 88"
"spawnclass" "EnvironmentProbe"
}
// entity 114
{
"classname" "env_probe"
"name" "env_probe_generated_area_109_pos__256__384_68"
"origin" "-256 -384 68"
"spawnclass" "EnvironmentProbe"
}
// entity 115
{
"classname" "env_probe"
"name" "env_probe_generated_area_110_pos__560__368_88"
"origin" "-560 -368 88"
"spawnclass" "EnvironmentProbe"
}
// entity 116
{
"classname" "env_probe"
"name" "env_probe_generated_area_111_pos__256__623_52"
"origin" "-256 -623 52"
"spawnclass" "EnvironmentProbe"
}
// entity 117
{
"classname" "env_probe"
"name" "env_probe_generated_area_112_pos__480__1792_64"
"origin" "-480 -1792 64"
"spawnclass" "EnvironmentProbe"
}
// entity 118
{
"classname" "env_probe"
"name" "env_probe_generated_area_113_pos__320__2656_16"
"origin" "-320 -2656 16"
"spawnclass" "EnvironmentProbe"
}
// entity 119
{
"classname" "env_probe"
"name" "env_probe_generated_area_114_pos__496__2528_16"
"origin" "-496 -2528 16"
"spawnclass" "EnvironmentProbe"
}
// entity 120
{
"classname" "env_probe"
"name" "env_probe_generated_area_115_pos__496__2688_16"
"origin" "-496 -2688 16"
"spawnclass" "EnvironmentProbe"
}
// entity 121
{
"classname" "env_probe"
"name" ""
"angle" "187.344360"
"origin" "503 -1155 55"
"spawnclass" "EnvironmentProbe"
}
// entity 122
{
"classname" "env_probe"
"name" ""
"angle" "346.624146"
"origin" "639 366 259"
"spawnclass" "EnvironmentProbe"
}
// entity 123
{
"classname" "env_probe"
"name" ""
"angle" "8.953857"
"origin" "652 781 249"
"spawnclass" "EnvironmentProbe"
}
// entity 124
{
"classname" "env_probe"
"name" ""
"angle" "264.891357"
"origin" "315 939 284"
"spawnclass" "EnvironmentProbe"
}
// entity 125
{
"classname" "env_probe"
"name" ""
"angle" "267.533569"
"origin" "489 1214 266"
"spawnclass" "EnvironmentProbe"
}
// entity 126
{
"classname" "env_probe"
"name" ""
"angle" "2.241211"
"origin" "270 1381 266"
"spawnclass" "EnvironmentProbe"
}
// entity 127
{
"classname" "env_probe"
"name" ""
"angle" "90.131836"
"origin" "147 1134 286"
"spawnclass" "EnvironmentProbe"
}
// entity 128
{
"classname" "env_probe"
"name" ""
"angle" "7.992554"
"origin" "-302 -185 236"
"spawnclass" "EnvironmentProbe"
}
// entity 129
{
"classname" "env_probe"
"name" ""
"angle" "181.433716"
"origin" "-242 182 269"
"spawnclass" "EnvironmentProbe"
}
// entity 130
{
"classname" "env_probe"
"name" ""
"angle" "177.473145"
"origin" "413 190 237"
"spawnclass" "EnvironmentProbe"
}
// entity 131
{
"classname" "env_probe"
"name" ""
"angle" "175.737305"
"origin" "147 187 246"
"spawnclass" "EnvironmentProbe"
}
