Version 3
// entity 0
{
"classname" "env_probe"
"name" "env_probe_ingame_placed_0"
"angle" "271.296387"
"origin" "832 990 -42"
"spawnclass" "EnvironmentProbe"
}
// entity 1
{
"classname" "env_probe"
"name" "env_probe_ingame_placed_1"
"angle" "88.945313"
"origin" "531 972 -108"
"spawnclass" "EnvironmentProbe"
}
// entity 2
{
"classname" "env_probe"
"name" "env_probe_area_0_0"
"origin" "804 1512 -60"
"spawnclass" "EnvironmentProbe"
}
// entity 3
{
"classname" "env_probe"
"name" "env_probe_area_1_0"
"origin" "936 992 -64"
"spawnclass" "EnvironmentProbe"
}
// entity 4
{
"classname" "env_probe"
"name" "env_probe_area_2_0"
"origin" "712 672 32"
"spawnclass" "EnvironmentProbe"
}
// entity 5
{
"classname" "env_probe"
"name" "env_probe_area_3_0"
"origin" "616 -228 -128"
"spawnclass" "EnvironmentProbe"
}
// entity 6
{
"classname" "env_probe"
"name" "env_probe_area_4_0"
"origin" "736 1728 512"
"spawnclass" "EnvironmentProbe"
}
// entity 7
{
"classname" "env_probe"
"name" "env_probe_area_7_0"
"origin" "472 1512 264"
"spawnclass" "EnvironmentProbe"
}
// entity 8
{
"classname" "env_probe"
"name" "env_probe_area_8_0"
"origin" "736 1480 256"
"spawnclass" "EnvironmentProbe"
}
// entity 9
{
"classname" "env_probe"
"name" "env_probe_area_9_0"
"origin" "304 1536 256"
"spawnclass" "EnvironmentProbe"
}
// entity 10
{
"classname" "env_probe"
"name" "env_probe_area_10_0"
"origin" "192 1536 272"
"spawnclass" "EnvironmentProbe"
}
// entity 11
{
"classname" "env_probe"
"name" "env_probe_area_11_0"
"origin" "744 1343 280"
"spawnclass" "EnvironmentProbe"
}
// entity 12
{
"classname" "env_probe"
"name" "env_probe_area_12_0"
"origin" "544 1248 264"
"spawnclass" "EnvironmentProbe"
}
// entity 13
{
"classname" "env_probe"
"name" "env_probe_area_13_0"
"origin" "768 1200 280"
"spawnclass" "EnvironmentProbe"
}
// entity 14
{
"classname" "env_probe"
"name" "env_probe_area_14_0"
"origin" "736 1056 264"
"spawnclass" "EnvironmentProbe"
}
// entity 15
{
"classname" "env_probe"
"name" "env_probe_area_15_0"
"origin" "400 1080 280"
"spawnclass" "EnvironmentProbe"
}
// entity 16
{
"classname" "env_probe"
"name" "env_probe_area_16_0"
"origin" "424 1296 208"
"spawnclass" "EnvironmentProbe"
}
// entity 17
{
"classname" "env_probe"
"name" "env_probe_area_17_0"
"origin" "560 1264 112"
"spawnclass" "EnvironmentProbe"
}
// entity 18
{
"classname" "env_probe"
"name" "env_probe_area_18_0"
"origin" "736 1592 156"
"spawnclass" "EnvironmentProbe"
}
// entity 19
{
"classname" "env_probe"
"name" "env_probe_area_20_0"
"origin" "391 988 8"
"spawnclass" "EnvironmentProbe"
}
// entity 20
{
"classname" "env_probe"
"name" "env_probe_area_21_0"
"origin" "71 992 -8"
"spawnclass" "EnvironmentProbe"
}
// entity 21
{
"classname" "env_probe"
"name" "env_probe_area_22_0"
"origin" "288 1632 -140"
"spawnclass" "EnvironmentProbe"
}
// entity 22
{
"classname" "env_probe"
"name" "env_probe_area_23_0"
"origin" "436 248 -32"
"spawnclass" "EnvironmentProbe"
}
// entity 23
{
"classname" "env_probe"
"name" "env_probe_area_24_0"
"origin" "224 286 300"
"spawnclass" "EnvironmentProbe"
}
// entity 24
{
"classname" "env_probe"
"name" "env_probe_area_25_0"
"origin" "38 672 -32"
"spawnclass" "EnvironmentProbe"
}
// entity 25
{
"classname" "env_probe"
"name" "env_probe_area_26_0"
"origin" "-152 -42 304"
"spawnclass" "EnvironmentProbe"
}
// entity 26
{
"classname" "env_probe"
"name" "env_probe_area_27_0"
"origin" "160 -8 80"
"spawnclass" "EnvironmentProbe"
}
// entity 27
{
"classname" "env_probe"
"name" "env_probe_area_28_0"
"origin" "192 -128 80"
"spawnclass" "EnvironmentProbe"
}
// entity 28
{
"classname" "env_probe"
"name" "env_probe_area_29_0"
"origin" "452 -848 336"
"spawnclass" "EnvironmentProbe"
}
// entity 29
{
"classname" "env_probe"
"name" "env_probe_area_30_0"
"origin" "60 -880 88"
"spawnclass" "EnvironmentProbe"
}
// entity 30
{
"classname" "env_probe"
"name" "env_probe_area_31_0"
"origin" "224 -360 88"
"spawnclass" "EnvironmentProbe"
}
// entity 31
{
"classname" "env_probe"
"name" "env_probe_area_32_0"
"origin" "-216 -614 388"
"spawnclass" "EnvironmentProbe"
}
// entity 32
{
"classname" "env_probe"
"name" "env_probe_area_33_0"
"origin" "48 -824 352"
"spawnclass" "EnvironmentProbe"
}
// entity 33
{
"classname" "env_probe"
"name" "env_probe_area_34_0"
"origin" "-8 -240 80"
"spawnclass" "EnvironmentProbe"
}
// entity 34
{
"classname" "env_probe"
"name" "env_probe_area_35_0"
"origin" "6 -448 80"
"spawnclass" "EnvironmentProbe"
}
// entity 35
{
"classname" "env_probe"
"name" "env_probe_area_37_0"
"origin" "-568 544 96"
"spawnclass" "EnvironmentProbe"
}
// entity 36
{
"classname" "env_probe"
"name" "env_probe_area_38_0"
"origin" "-120 384 292"
"spawnclass" "EnvironmentProbe"
}
// entity 37
{
"classname" "env_probe"
"name" "env_probe_area_39_0"
"origin" "-480 48 48"
"spawnclass" "EnvironmentProbe"
}
// entity 38
{
"classname" "env_probe"
"name" "env_probe_area_40_0"
"origin" "-1056 180 8"
"spawnclass" "EnvironmentProbe"
}
// entity 39
{
"classname" "env_probe"
"name" "env_probe_area_41_0"
"origin" "-1284 -272 8"
"spawnclass" "EnvironmentProbe"
}
// entity 40
{
"classname" "env_probe"
"name" "env_probe_area_42_0"
"origin" "-64 -792 356"
"spawnclass" "EnvironmentProbe"
}
// entity 41
{
"classname" "env_probe"
"name" "env_probe_area_43_0"
"origin" "-512 -336 80"
"spawnclass" "EnvironmentProbe"
}
// entity 42
{
"classname" "env_probe"
"name" "env_probe_area_44_0"
"origin" "-352 -740 72"
"spawnclass" "EnvironmentProbe"
}
// entity 43
{
"classname" "env_probe"
"name" "env_probe_area_45_0"
"origin" "-516 -832 64"
"spawnclass" "EnvironmentProbe"
}
// entity 44
{
"classname" "env_probe"
"name" "env_probe_area_46_0"
"origin" "-320 -1084 104"
"spawnclass" "EnvironmentProbe"
}
// entity 45
{
"classname" "env_probe"
"name" "env_probe_area_47_0"
"origin" "-96 -1102 96"
"spawnclass" "EnvironmentProbe"
}
// entity 46
{
"classname" "env_probe"
"name" "env_probe_area_48_0"
"origin" "-528 -1116 96"
"spawnclass" "EnvironmentProbe"
}
// entity 47
{
"classname" "env_probe"
"name" "env_probe_area_49_0"
"origin" "-656 -818 56"
"spawnclass" "EnvironmentProbe"
}
// entity 48
{
"classname" "env_probe"
"name" "env_probe_area_50_0"
"origin" "-924 -192 8"
"spawnclass" "EnvironmentProbe"
}
// entity 49
{
"classname" "env_probe"
"name" "env_probe_area_52_0"
"origin" "-940 -576 8"
"spawnclass" "EnvironmentProbe"
}
// entity 50
{
"classname" "env_probe"
"name" "env_probe_area_53_0"
"origin" "-816 -822 16"
"spawnclass" "EnvironmentProbe"
}
// entity 51
{
"classname" "env_probe"
"name" "env_probe_area_54_0"
"origin" "-1022 -820 16"
"spawnclass" "EnvironmentProbe"
}
// entity 52
{
"classname" "env_probe"
"name" "env_probe_area_55_0"
"origin" "-1056 -688 48"
"spawnclass" "EnvironmentProbe"
}
// entity 53
{
"classname" "env_probe"
"name" "env_probe_area_56_0"
"origin" "-816 -1078 4"
"spawnclass" "EnvironmentProbe"
}
// entity 54
{
"classname" "env_probe"
"name" "env_probe_area_57_0"
"origin" "-1112 -1068 4"
"spawnclass" "EnvironmentProbe"
}
// entity 55
{
"classname" "env_probe"
"name" "env_probe_ingame_placed_2"
"angle" "179.675903"
"origin" "-654 325 76"
"spawnclass" "EnvironmentProbe"
}
// entity 56
{
"classname" "env_probe"
"name" "env_probe_ingame_placed_3"
"angle" "23.472290"
"origin" "-742 97 61"
"spawnclass" "EnvironmentProbe"
}
// entity 57
{
"classname" "env_probe"
"name" "env_probe_ingame_placed_4"
"angle" "275.234985"
"origin" "-85 96 78"
"spawnclass" "EnvironmentProbe"
}
// entity 58
{
"classname" "env_probe"
"name" "env_probe_ingame_placed_5"
"angle" "144.882202"
"origin" "-893 691 -5"
"spawnclass" "EnvironmentProbe"
}
// entity 59
{
"classname" "env_probe"
"name" "env_probe_ingame_placed_6"
"angle" "179.752808"
"origin" "-319 352 -95"
"spawnclass" "EnvironmentProbe"
}
// entity 60
{
"classname" "env_probe"
"name" "env_probe_ingame_placed_7"
"angle" "347.036133"
"origin" "-937 372 -74"
"spawnclass" "EnvironmentProbe"
}
// entity 61
{
"classname" "env_probe"
"name" "env_probe_ingame_placed_8"
"angle" "269.263916"
"origin" "-1246 297 -60"
"spawnclass" "EnvironmentProbe"
}
// entity 62
{
"classname" "env_probe"
"name" "env_probe_ingame_placed_9"
"angle" "238.024292"
"origin" "-1200 484 -60"
"spawnclass" "EnvironmentProbe"
}
// entity 63
{
"classname" "env_probe"
"name" "env_probe_ingame_placed_10"
"angle" "83.941040"
"origin" "-1046 -290 42"
"spawnclass" "EnvironmentProbe"
}
// entity 64
{
"classname" "env_probe"
"name" "env_probe_ingame_placed_11"
"angle" "0.230713"
"origin" "-1277 -582 -15"
"spawnclass" "EnvironmentProbe"
}
// entity 65
{
"classname" "env_probe"
"name" "env_probe_ingame_placed_12"
"angle" "268.269653"
"origin" "-1446 -343 0"
"spawnclass" "EnvironmentProbe"
}
// entity 66
{
"classname" "env_probe"
"name" "env_probe_ingame_placed_13"
"angle" "179.835205"
"origin" "-1420 13 -12"
"spawnclass" "EnvironmentProbe"
}
// entity 67
{
"classname" "env_probe"
"name" "env_probe_ingame_placed_14"
"angle" "271.351318"
"origin" "-1235 127 -76"
"spawnclass" "EnvironmentProbe"
}
// entity 68
{
"classname" "env_probe"
"name" "env_probe_ingame_placed_15"
"angle" "177.989502"
"origin" "-119 -1193 63"
"spawnclass" "EnvironmentProbe"
}
// entity 69
{
"classname" "env_probe"
"name" "env_probe_ingame_placed_16"
"angle" "86.281128"
"origin" "175 -1022 86"
"spawnclass" "EnvironmentProbe"
}
// entity 70
{
"classname" "env_probe"
"name" "env_probe_ingame_placed_17"
"angle" "275.586548"
"origin" "388 45 244"
"spawnclass" "EnvironmentProbe"
}
// entity 71
{
"classname" "env_probe"
"name" "env_probe_ingame_placed_18"
"angle" "282.293701"
"origin" "671 -84 129"
"spawnclass" "EnvironmentProbe"
}
// entity 72
{
"classname" "env_probe"
"name" "env_probe_ingame_placed_19"
"angle" "358.192749"
"origin" "875 -110 181"
"spawnclass" "EnvironmentProbe"
}
// entity 73
{
"classname" "env_probe"
"name" "env_probe_ingame_placed_20"
"angle" "87.072144"
"origin" "403 -301 281"
"spawnclass" "EnvironmentProbe"
}
// entity 74
{
"classname" "env_probe"
"name" "env_probe_ingame_placed_21"
"angle" "89.384766"
"origin" "418 -598 255"
"spawnclass" "EnvironmentProbe"
}
// entity 75
{
"classname" "env_probe"
"name" "env_probe_ingame_placed_22"
"angle" "72.224121"
"origin" "672 -522 367"
"spawnclass" "EnvironmentProbe"
}
// entity 76
{
"classname" "env_probe"
"name" "env_probe_ingame_placed_23"
"angle" "86.748047"
"origin" "425 -519 82"
"spawnclass" "EnvironmentProbe"
}
// entity 77
{
"classname" "env_probe"
"name" "env_probe_ingame_placed_24"
"angle" "162.647095"
"origin" "780 -481 108"
"spawnclass" "EnvironmentProbe"
}
// entity 78
{
"classname" "env_probe"
"name" "env_probe_ingame_placed_25"
"angle" "83.583984"
"origin" "-387 -721 353"
"spawnclass" "EnvironmentProbe"
}
// entity 79
{
"classname" "env_probe"
"name" "env_probe_ingame_placed_26"
"angle" "174.968262"
"origin" "-377 -408 315"
"spawnclass" "EnvironmentProbe"
}
// entity 80
{
"classname" "env_probe"
"name" "env_probe_ingame_placed_27"
"angle" "175.847168"
"origin" "-71 -455 353"
"spawnclass" "EnvironmentProbe"
}
// entity 81
{
"classname" "env_probe"
"name" "env_probe_ingame_placed_28"
"angle" "265.056152"
"origin" "-275 -299 83"
"spawnclass" "EnvironmentProbe"
}
// entity 82
{
"classname" "env_probe"
"name" "env_probe_ingame_placed_29"
"angle" "356.682129"
"origin" "-425 -197 47"
"spawnclass" "EnvironmentProbe"
}
// entity 83
{
"classname" "env_probe"
"name" "env_probe_ingame_placed_30"
"angle" "190.145874"
"origin" "-723 -617 24"
"spawnclass" "EnvironmentProbe"
}
// entity 84
{
"classname" "env_probe"
"name" "env_probe_ingame_placed_31"
"angle" "3.175049"
"origin" "322 657 -26"
"spawnclass" "EnvironmentProbe"
}
// entity 85
{
"classname" "env_probe"
"name" "env_probe_ingame_placed_32"
"angle" "273.306885"
"origin" "492 693 -42"
"spawnclass" "EnvironmentProbe"
}
// entity 86
{
"classname" "env_probe"
"name" "env_probe_ingame_placed_33"
"angle" "266.484375"
"origin" "657 -866 398"
"spawnclass" "EnvironmentProbe"
}
// entity 87
{
"classname" "env_probe"
"name" "env_probe_ingame_placed_34"
"angle" "274.405518"
"origin" "217 -853 317"
"spawnclass" "EnvironmentProbe"
}
// entity 88
{
"classname" "env_probe"
"name" "env_probe_ingame_placed_35"
"angle" "85.671387"
"origin" "60 -95 280"
"spawnclass" "EnvironmentProbe"
}
// entity 89
{
"classname" "env_probe"
"name" "env_probe_ingame_placed_36"
"angle" "88.637695"
"origin" "737 1583 218"
"spawnclass" "EnvironmentProbe"
}
// entity 90
{
"classname" "env_probe"
"name" "env_probe_ingame_placed_37"
"angle" "91.829224"
"origin" "1091 1457 -97"
"spawnclass" "EnvironmentProbe"
}
// entity 91
{
"classname" "env_probe"
"name" "env_probe_ingame_placed_38"
"angle" "272.746582"
"origin" "695 1649 -92"
"spawnclass" "EnvironmentProbe"
}
