Version 3
// entity 0
{
"classname" "env_probe"
"name" "env_probe_ingame_placed_0"
"angle" "178.483887"
"origin" "-110 -384 26"
"spawnclass" "EnvironmentProbe"
}
// entity 1
{
"classname" "env_probe"
"name" "env_probe_ingame_placed_1"
"angle" "178.923340"
"origin" "222 -373 -28"
"spawnclass" "EnvironmentProbe"
}
// entity 2
{
"classname" "env_probe"
"name" "env_probe_ingame_placed_2"
"angle" "179.033203"
"origin" "307 -59 52"
"spawnclass" "EnvironmentProbe"
}
// entity 3
{
"classname" "env_probe"
"name" "env_probe_ingame_placed_3"
"angle" "263.182983"
"origin" "589 -41 68"
"spawnclass" "EnvironmentProbe"
}
// entity 4
{
"classname" "env_probe"
"name" "env_probe_ingame_placed_4"
"angle" "100.079956"
"origin" "593 204 43"
"spawnclass" "EnvironmentProbe"
}
// entity 5
{
"classname" "env_probe"
"name" "env_probe_ingame_placed_5"
"angle" "175.979004"
"origin" "965 238 26"
"spawnclass" "EnvironmentProbe"
}
// entity 6
{
"classname" "env_probe"
"name" "env_probe_ingame_placed_6"
"angle" "181.807251"
"origin" "1260 253 45"
"spawnclass" "EnvironmentProbe"
}
// entity 7
{
"classname" "env_probe"
"name" "env_probe_ingame_placed_7"
"angle" "266.835938"
"origin" "1562 287 88"
"spawnclass" "EnvironmentProbe"
}
// entity 8
{
"classname" "env_probe"
"name" "env_probe_ingame_placed_8"
"angle" "266.066895"
"origin" "1570 532 113"
"spawnclass" "EnvironmentProbe"
}
// entity 9
{
"classname" "env_probe"
"name" "env_probe_ingame_placed_9"
"angle" "174.435425"
"origin" "1787 259 90"
"spawnclass" "EnvironmentProbe"
}
// entity 10
{
"classname" "env_probe"
"name" "env_probe_ingame_placed_10"
"angle" "93.367310"
"origin" "1557 863 199"
"spawnclass" "EnvironmentProbe"
}
// entity 11
{
"classname" "env_probe"
"name" "env_probe_ingame_placed_11"
"angle" "179.934082"
"origin" "1593 1385 -193"
"spawnclass" "EnvironmentProbe"
}
// entity 12
{
"classname" "env_probe"
"name" "env_probe_ingame_placed_12"
"angle" "87.868652"
"origin" "1577 597 -232"
"spawnclass" "EnvironmentProbe"
}
// entity 13
{
"classname" "env_probe"
"name" "env_probe_ingame_placed_13"
"angle" "85.885620"
"origin" "1571 103 -215"
"spawnclass" "EnvironmentProbe"
}
// entity 14
{
"classname" "env_probe"
"name" "env_probe_ingame_placed_14"
"angle" "160.136719"
"origin" "1589 -114 -214"
"spawnclass" "EnvironmentProbe"
}
// entity 15
{
"classname" "env_probe"
"name" "env_probe_area_0_0"
"origin" "3396 -1488 -240"
"spawnclass" "EnvironmentProbe"
}
// entity 16
{
"classname" "env_probe"
"name" "env_probe_area_1_0"
"origin" "3288 -2240 -288"
"spawnclass" "EnvironmentProbe"
}
// entity 17
{
"classname" "env_probe"
"name" "env_probe_area_2_0"
"origin" "2832 -1040 -248"
"spawnclass" "EnvironmentProbe"
}
// entity 18
{
"classname" "env_probe"
"name" "env_probe_area_3_0"
"origin" "3424 -2144 -320"
"spawnclass" "EnvironmentProbe"
}
// entity 19
{
"classname" "env_probe"
"name" "env_probe_area_4_0"
"origin" "3393 -2368 -3984"
"spawnclass" "EnvironmentProbe"
}
// entity 20
{
"classname" "env_probe"
"name" "env_probe_area_5_0"
"origin" "3917 -2336 -4024"
"spawnclass" "EnvironmentProbe"
}
// entity 21
{
"classname" "env_probe"
"name" "env_probe_area_6_0"
"origin" "2093 263 92"
"spawnclass" "EnvironmentProbe"
}
// entity 22
{
"classname" "env_probe"
"name" "env_probe_area_7_0"
"origin" "2247 109 92"
"spawnclass" "EnvironmentProbe"
}
// entity 23
{
"classname" "env_probe"
"name" "env_probe_area_8_0"
"origin" "2048 896 157"
"spawnclass" "EnvironmentProbe"
}
// entity 24
{
"classname" "env_probe"
"name" "env_probe_area_9_0"
"origin" "2064 896 -32"
"spawnclass" "EnvironmentProbe"
}
// entity 25
{
"classname" "env_probe"
"name" "env_probe_area_10_0"
"origin" "2048 896 -184"
"spawnclass" "EnvironmentProbe"
}
// entity 26
{
"classname" "env_probe"
"name" "env_probe_area_13_0"
"origin" "2216 -608 124"
"spawnclass" "EnvironmentProbe"
}
// entity 27
{
"classname" "env_probe"
"name" "env_probe_area_14_0"
"origin" "2192 -1016 160"
"spawnclass" "EnvironmentProbe"
}
// entity 28
{
"classname" "env_probe"
"name" "env_probe_area_15_0"
"origin" "1968 -608 88"
"spawnclass" "EnvironmentProbe"
}
// entity 29
{
"classname" "env_probe"
"name" "env_probe_area_16_0"
"origin" "2520 -640 -400"
"spawnclass" "EnvironmentProbe"
}
// entity 30
{
"classname" "env_probe"
"name" "env_probe_area_17_0"
"origin" "2520 -832 -400"
"spawnclass" "EnvironmentProbe"
}
// entity 31
{
"classname" "env_probe"
"name" "env_probe_area_18_0"
"origin" "2520 -992 -400"
"spawnclass" "EnvironmentProbe"
}
// entity 32
{
"classname" "env_probe"
"name" "env_probe_area_19_0"
"origin" "2072 -640 -200"
"spawnclass" "EnvironmentProbe"
}
// entity 33
{
"classname" "env_probe"
"name" "env_probe_area_20_0"
"origin" "0 0 0"
"spawnclass" "EnvironmentProbe"
}
// entity 34
{
"classname" "env_probe"
"name" "env_probe_area_21_0"
"origin" "2376 -2232 -104"
"spawnclass" "EnvironmentProbe"
}
// entity 35
{
"classname" "env_probe"
"name" "env_probe_area_22_0"
"origin" "2520 -1152 -400"
"spawnclass" "EnvironmentProbe"
}
// entity 36
{
"classname" "env_probe"
"name" "env_probe_area_23_0"
"origin" "2368 -2240 -1872"
"spawnclass" "EnvironmentProbe"
}
// entity 37
{
"classname" "env_probe"
"name" "env_probe_area_24_0"
"origin" "2384 -2240 -3752"
"spawnclass" "EnvironmentProbe"
}
// entity 38
{
"classname" "env_probe"
"name" "env_probe_area_25_0"
"origin" "2368 -2880 -3904"
"spawnclass" "EnvironmentProbe"
}
// entity 39
{
"classname" "env_probe"
"name" "env_probe_area_26_0"
"origin" "2688 -3104 -3968"
"spawnclass" "EnvironmentProbe"
}
// entity 40
{
"classname" "env_probe"
"name" "env_probe_area_27_0"
"origin" "2496 -3040 -3936"
"spawnclass" "EnvironmentProbe"
}
// entity 41
{
"classname" "env_probe"
"name" "env_probe_area_28_0"
"origin" "2368 -3040 -3968"
"spawnclass" "EnvironmentProbe"
}
// entity 42
{
"classname" "env_probe"
"name" "env_probe_area_29_0"
"origin" "2240 -3040 -3904"
"spawnclass" "EnvironmentProbe"
}
// entity 43
{
"classname" "env_probe"
"name" "env_probe_area_30_0"
"origin" "2832 -3168 -3968"
"spawnclass" "EnvironmentProbe"
}
// entity 44
{
"classname" "env_probe"
"name" "env_probe_area_31_0"
"origin" "2784 -3359 -3968"
"spawnclass" "EnvironmentProbe"
}
// entity 45
{
"classname" "env_probe"
"name" "env_probe_area_32_0"
"origin" "2496 -3164 -3936"
"spawnclass" "EnvironmentProbe"
}
// entity 46
{
"classname" "env_probe"
"name" "env_probe_area_34_0"
"origin" "1872 1200 -240"
"spawnclass" "EnvironmentProbe"
}
// entity 47
{
"classname" "env_probe"
"name" "env_probe_area_35_0"
"origin" "1248 1312 -240"
"spawnclass" "EnvironmentProbe"
}
// entity 48
{
"classname" "env_probe"
"name" "env_probe_area_36_0"
"origin" "1680 1296 -152"
"spawnclass" "EnvironmentProbe"
}
// entity 49
{
"classname" "env_probe"
"name" "env_probe_area_37_0"
"origin" "1568 1264 -152"
"spawnclass" "EnvironmentProbe"
}
// entity 50
{
"classname" "env_probe"
"name" "env_probe_area_38_0"
"origin" "1464 1288 -152"
"spawnclass" "EnvironmentProbe"
}
// entity 51
{
"classname" "env_probe"
"name" "env_probe_area_39_0"
"origin" "1568 928 -240"
"spawnclass" "EnvironmentProbe"
}
// entity 52
{
"classname" "env_probe"
"name" "env_probe_area_40_0"
"origin" "1264 888 -240"
"spawnclass" "EnvironmentProbe"
}
// entity 53
{
"classname" "env_probe"
"name" "env_probe_area_41_0"
"origin" "1816 880 -240"
"spawnclass" "EnvironmentProbe"
}
// entity 54
{
"classname" "env_probe"
"name" "env_probe_area_42_0"
"origin" "1872 896 176"
"spawnclass" "EnvironmentProbe"
}
// entity 55
{
"classname" "env_probe"
"name" "env_probe_area_44_0"
"origin" "1632 817 168"
"spawnclass" "EnvironmentProbe"
}
// entity 56
{
"classname" "env_probe"
"name" "env_probe_area_45_0"
"origin" "752 272 -16"
"spawnclass" "EnvironmentProbe"
}
// entity 57
{
"classname" "env_probe"
"name" "env_probe_area_46_0"
"origin" "1568 400 -192"
"spawnclass" "EnvironmentProbe"
}
// entity 58
{
"classname" "env_probe"
"name" "env_probe_area_47_0"
"origin" "1392 -192 -192"
"spawnclass" "EnvironmentProbe"
}
// entity 59
{
"classname" "env_probe"
"name" "env_probe_area_48_0"
"origin" "752 -31 -16"
"spawnclass" "EnvironmentProbe"
}
// entity 60
{
"classname" "env_probe"
"name" "env_probe_area_49_0"
"origin" "1620 -560 -176"
"spawnclass" "EnvironmentProbe"
}
// entity 61
{
"classname" "env_probe"
"name" "env_probe_area_50_0"
"origin" "1344 -2016 -3820"
"spawnclass" "EnvironmentProbe"
}
// entity 62
{
"classname" "env_probe"
"name" "env_probe_area_51_0"
"origin" "1904 -2704 -276"
"spawnclass" "EnvironmentProbe"
}
// entity 63
{
"classname" "env_probe"
"name" "env_probe_area_52_0"
"origin" "1904 -2704 -587"
"spawnclass" "EnvironmentProbe"
}
// entity 64
{
"classname" "env_probe"
"name" "env_probe_area_53_0"
"origin" "1904 -2752 -1995"
"spawnclass" "EnvironmentProbe"
}
// entity 65
{
"classname" "env_probe"
"name" "env_probe_area_54_0"
"origin" "1780 -2472 -3604"
"spawnclass" "EnvironmentProbe"
}
// entity 66
{
"classname" "env_probe"
"name" "env_probe_area_55_0"
"origin" "1304 -2608 -3984"
"spawnclass" "EnvironmentProbe"
}
// entity 67
{
"classname" "env_probe"
"name" "env_probe_area_56_0"
"origin" "1760 -2608 -3984"
"spawnclass" "EnvironmentProbe"
}
// entity 68
{
"classname" "env_probe"
"name" "env_probe_area_57_0"
"origin" "1560 -2608 -3952"
"spawnclass" "EnvironmentProbe"
}
// entity 69
{
"classname" "env_probe"
"name" "env_probe_area_58_0"
"origin" "1904 -2752 -3340"
"spawnclass" "EnvironmentProbe"
}
// entity 70
{
"classname" "env_probe"
"name" "env_probe_area_59_0"
"origin" "1904 -2736 -3812"
"spawnclass" "EnvironmentProbe"
}
// entity 71
{
"classname" "env_probe"
"name" "env_probe_area_60_0"
"origin" "192 176 242"
"spawnclass" "EnvironmentProbe"
}
// entity 72
{
"classname" "env_probe"
"name" "env_probe_area_61_0"
"origin" "128 -16 -16"
"spawnclass" "EnvironmentProbe"
}
// entity 73
{
"classname" "env_probe"
"name" "env_probe_area_63_0"
"origin" "0 -369 -25"
"spawnclass" "EnvironmentProbe"
}
// entity 74
{
"classname" "env_probe"
"name" "env_probe_area_64_0"
"origin" "-128 -685 88"
"spawnclass" "EnvironmentProbe"
}
// entity 75
{
"classname" "env_probe"
"name" "env_probe_area_65_0"
"origin" "0 0 0"
"spawnclass" "EnvironmentProbe"
}
// entity 76
{
"classname" "env_probe"
"name" "env_probe_ingame_placed_15"
"angle" "173.776245"
"origin" "1568 -311 -230"
"spawnclass" "EnvironmentProbe"
}
// entity 77
{
"classname" "env_probe"
"name" "env_probe_ingame_placed_16"
"angle" "180.488892"
"origin" "1939 -609 -199"
"spawnclass" "EnvironmentProbe"
}
// entity 78
{
"classname" "env_probe"
"name" "env_probe_ingame_placed_17"
"angle" "156.725464"
"origin" "2325 -614 -230"
"spawnclass" "EnvironmentProbe"
}
// entity 79
{
"classname" "env_probe"
"name" "env_probe_ingame_placed_18"
"angle" "97.877197"
"origin" "2475 -681 -237"
"spawnclass" "EnvironmentProbe"
}
// entity 80
{
"classname" "env_probe"
"name" "env_probe_ingame_placed_19"
"angle" "179.274902"
"origin" "2612 -1374 -226"
"spawnclass" "EnvironmentProbe"
}
// entity 81
{
"classname" "env_probe"
"name" "env_probe_ingame_placed_20"
"angle" "178.066406"
"origin" "2850 -1384 -226"
"spawnclass" "EnvironmentProbe"
}
// entity 82
{
"classname" "env_probe"
"name" "env_probe_ingame_placed_21"
"angle" "182.246704"
"origin" "3082 -1380 -228"
"spawnclass" "EnvironmentProbe"
}
// entity 83
{
"classname" "env_probe"
"name" "env_probe_ingame_placed_22"
"angle" "184.119873"
"origin" "2525 -1001 -180"
"spawnclass" "EnvironmentProbe"
}
// entity 84
{
"classname" "env_probe"
"name" "env_probe_ingame_placed_23"
"angle" "26.048584"
"origin" "3381 -1393 -203"
"spawnclass" "EnvironmentProbe"
}
// entity 85
{
"classname" "env_probe"
"name" "env_probe_ingame_placed_24"
"angle" "85.775757"
"origin" "3427 -1711 -224"
"spawnclass" "EnvironmentProbe"
}
// entity 86
{
"classname" "env_probe"
"name" "env_probe_ingame_placed_25"
"angle" "356.786499"
"origin" "3365 -1974 -190"
"spawnclass" "EnvironmentProbe"
}
// entity 87
{
"classname" "env_probe"
"name" "env_probe_ingame_placed_26"
"angle" "25.499268"
"origin" "3349 -2354 -159"
"spawnclass" "EnvironmentProbe"
}
// entity 88
{
"classname" "env_probe"
"name" "env_probe_ingame_placed_27"
"angle" "86.989746"
"origin" "3232 -2334 -233"
"spawnclass" "EnvironmentProbe"
}
// entity 89
{
"classname" "env_probe"
"name" "env_probe_ingame_placed_28"
"angle" "86.325073"
"origin" "3234 -2015 -151"
"spawnclass" "EnvironmentProbe"
}
// entity 90
{
"classname" "env_probe"
"name" "env_probe_ingame_placed_29"
"angle" "180.241699"
"origin" "3063 -2335 -184"
"spawnclass" "EnvironmentProbe"
}
// entity 91
{
"classname" "env_probe"
"name" "env_probe_ingame_placed_30"
"angle" "170.782471"
"origin" "3275 -2604 -212"
"spawnclass" "EnvironmentProbe"
}
// entity 92
{
"classname" "env_probe"
"name" "env_probe_ingame_placed_31"
"angle" "355.907593"
"origin" "2779 -2357 -225"
"spawnclass" "EnvironmentProbe"
}
// entity 93
{
"classname" "env_probe"
"name" "env_probe_ingame_placed_32"
"angle" "281.546631"
"origin" "2641 -2146 -237"
"spawnclass" "EnvironmentProbe"
}
// entity 94
{
"classname" "env_probe"
"name" "env_probe_ingame_placed_33"
"angle" "10.206299"
"origin" "2334 -2005 -216"
"spawnclass" "EnvironmentProbe"
}
// entity 95
{
"classname" "env_probe"
"name" "env_probe_ingame_placed_34"
"angle" "73.569946"
"origin" "2098 -2080 -239"
"spawnclass" "EnvironmentProbe"
}
// entity 96
{
"classname" "env_probe"
"name" "env_probe_ingame_placed_35"
"angle" "81.705322"
"origin" "2061 -2519 -212"
"spawnclass" "EnvironmentProbe"
}
// entity 97
{
"classname" "env_probe"
"name" "env_probe_ingame_placed_36"
"angle" "101.178589"
"origin" "2384 -674 63"
"spawnclass" "EnvironmentProbe"
}
// entity 98
{
"classname" "env_probe"
"name" "env_probe_ingame_placed_37"
"angle" "159.257813"
"origin" "2491 -1131 49"
"spawnclass" "EnvironmentProbe"
}
// entity 99
{
"classname" "env_probe"
"name" "env_probe_ingame_placed_38"
"angle" "4.899902"
"origin" "1894 -2492 -3673"
"spawnclass" "EnvironmentProbe"
}
// entity 100
{
"classname" "env_probe"
"name" "env_probe_ingame_placed_39"
"angle" "277.229004"
"origin" "1658 -2221 -3653"
"spawnclass" "EnvironmentProbe"
}
// entity 101
{
"classname" "env_probe"
"name" "env_probe_ingame_placed_40"
"angle" "357.192993"
"origin" "1621 -1827 -3692"
"spawnclass" "EnvironmentProbe"
}
// entity 102
{
"classname" "env_probe"
"name" "env_probe_ingame_placed_41"
"angle" "270.845947"
"origin" "1346 -1775 -3667"
"spawnclass" "EnvironmentProbe"
}
// entity 103
{
"classname" "env_probe"
"name" "env_probe_ingame_placed_42"
"angle" "279.118652"
"origin" "1655 -1963 -3912"
"spawnclass" "EnvironmentProbe"
}
// entity 104
{
"classname" "env_probe"
"name" "env_probe_ingame_placed_43"
"angle" "1.400757"
"origin" "1425 -1974 -3932"
"spawnclass" "EnvironmentProbe"
}
// entity 105
{
"classname" "env_probe"
"name" "env_probe_ingame_placed_44"
"angle" "339.730225"
"origin" "1313 -2251 -3951"
"spawnclass" "EnvironmentProbe"
}
// entity 106
{
"classname" "env_probe"
"name" "env_probe_ingame_placed_45"
"angle" "252.636108"
"origin" "1357 -2513 -3919"
"spawnclass" "EnvironmentProbe"
}
// entity 107
{
"classname" "env_probe"
"name" "env_probe_ingame_placed_46"
"angle" "181.466675"
"origin" "1755 -2530 -3944"
"spawnclass" "EnvironmentProbe"
}
// entity 108
{
"classname" "env_probe"
"name" "env_probe_ingame_placed_47"
"angle" "201.373901"
"origin" "1988 -2317 -3931"
"spawnclass" "EnvironmentProbe"
}
// entity 109
{
"classname" "env_probe"
"name" "env_probe_ingame_placed_48"
"angle" "145.277710"
"origin" "2374 -2385 -3943"
"spawnclass" "EnvironmentProbe"
}
// entity 110
{
"classname" "env_probe"
"name" "env_probe_ingame_placed_49"
"angle" "174.429932"
"origin" "2674 -2302 -3940"
"spawnclass" "EnvironmentProbe"
}
// entity 111
{
"classname" "env_probe"
"name" "env_probe_ingame_placed_50"
"angle" "177.072144"
"origin" "3065 -2325 -3912"
"spawnclass" "EnvironmentProbe"
}
// entity 112
{
"classname" "env_probe"
"name" "env_probe_ingame_placed_51"
"angle" "174.320068"
"origin" "3720 -2339 -3949"
"spawnclass" "EnvironmentProbe"
}
