Version 3
// entity 0
{
"classname" "env_probe"
"name" "env_probe_ingame_placed_0"
"angle" "89.670410"
"origin" "412 3271 -949"
"spawnclass" "EnvironmentProbe"
}
// entity 1
{
"classname" "env_probe"
"name" "env_probe_area_0_0"
"origin" "736 -1056 -320"
"spawnclass" "EnvironmentProbe"
}
// entity 2
{
"classname" "env_probe"
"name" "env_probe_area_1_0"
"origin" "2240 2614 -876"
"spawnclass" "EnvironmentProbe"
}
// entity 3
{
"classname" "env_probe"
"name" "env_probe_area_2_0"
"origin" "2256 2402 -880"
"spawnclass" "EnvironmentProbe"
}
// entity 4
{
"classname" "env_probe"
"name" "env_probe_area_3_0"
"origin" "2614 2144 -872"
"spawnclass" "EnvironmentProbe"
}
// entity 5
{
"classname" "env_probe"
"name" "env_probe_area_4_0"
"origin" "1888 2386 -880"
"spawnclass" "EnvironmentProbe"
}
// entity 6
{
"classname" "env_probe"
"name" "env_probe_area_5_0"
"origin" "2354 2144 -880"
"spawnclass" "EnvironmentProbe"
}
// entity 7
{
"classname" "env_probe"
"name" "env_probe_area_6_0"
"origin" "2256 1886 -880"
"spawnclass" "EnvironmentProbe"
}
// entity 8
{
"classname" "env_probe"
"name" "env_probe_area_7_0"
"origin" "2240 1674 -876"
"spawnclass" "EnvironmentProbe"
}
// entity 9
{
"classname" "env_probe"
"name" "env_probe_area_8_0"
"origin" "1888 1902 -880"
"spawnclass" "EnvironmentProbe"
}
// entity 10
{
"classname" "env_probe"
"name" "env_probe_area_9_0"
"origin" "1233 3328 -852"
"spawnclass" "EnvironmentProbe"
}
// entity 11
{
"classname" "env_probe"
"name" "env_probe_area_10_0"
"origin" "416 3520 -872"
"spawnclass" "EnvironmentProbe"
}
// entity 12
{
"classname" "env_probe"
"name" "env_probe_area_11_0"
"origin" "1920 2614 -876"
"spawnclass" "EnvironmentProbe"
}
// entity 13
{
"classname" "env_probe"
"name" "env_probe_area_12_0"
"origin" "1792 2144 -880"
"spawnclass" "EnvironmentProbe"
}
// entity 14
{
"classname" "env_probe"
"name" "env_probe_area_13_0"
"origin" "1584 2144 -912"
"spawnclass" "EnvironmentProbe"
}
// entity 15
{
"classname" "env_probe"
"name" "env_probe_area_14_0"
"origin" "1071 2783 -864"
"spawnclass" "EnvironmentProbe"
}
// entity 16
{
"classname" "env_probe"
"name" "env_probe_area_15_0"
"origin" "1044 2144 -840"
"spawnclass" "EnvironmentProbe"
}
// entity 17
{
"classname" "env_probe"
"name" "env_probe_area_17_0"
"origin" "1920 1674 -876"
"spawnclass" "EnvironmentProbe"
}
// entity 18
{
"classname" "env_probe"
"name" "env_probe_area_18_0"
"origin" "1264 1648 -1020"
"spawnclass" "EnvironmentProbe"
}
// entity 19
{
"classname" "env_probe"
"name" "env_probe_area_19_0"
"origin" "1584 1648 -1024"
"spawnclass" "EnvironmentProbe"
}
// entity 20
{
"classname" "env_probe"
"name" "env_probe_area_20_0"
"origin" "944 1648 -944"
"spawnclass" "EnvironmentProbe"
}
// entity 21
{
"classname" "env_probe"
"name" "env_probe_area_21_0"
"origin" "1470 1136 -1104"
"spawnclass" "EnvironmentProbe"
}
// entity 22
{
"classname" "env_probe"
"name" "env_probe_area_22_0"
"origin" "0 0 0"
"spawnclass" "EnvironmentProbe"
}
// entity 23
{
"classname" "env_probe"
"name" "env_probe_area_23_0"
"origin" "970 1312 -1100"
"spawnclass" "EnvironmentProbe"
}
// entity 24
{
"classname" "env_probe"
"name" "env_probe_area_24_0"
"origin" "1480 1160 -1104"
"spawnclass" "EnvironmentProbe"
}
// entity 25
{
"classname" "env_probe"
"name" "env_probe_area_25_0"
"origin" "970 992 -1100"
"spawnclass" "EnvironmentProbe"
}
// entity 26
{
"classname" "env_probe"
"name" "env_probe_area_26_0"
"origin" "1792 576 -1088"
"spawnclass" "EnvironmentProbe"
}
// entity 27
{
"classname" "env_probe"
"name" "env_probe_area_27_0"
"origin" "1552 128 -1104"
"spawnclass" "EnvironmentProbe"
}
// entity 28
{
"classname" "env_probe"
"name" "env_probe_area_29_0"
"origin" "223 3712 -940"
"spawnclass" "EnvironmentProbe"
}
// entity 29
{
"classname" "env_probe"
"name" "env_probe_area_30_0"
"origin" "607 3712 -940"
"spawnclass" "EnvironmentProbe"
}
// entity 30
{
"classname" "env_probe"
"name" "env_probe_area_31_0"
"origin" "656 2336 -944"
"spawnclass" "EnvironmentProbe"
}
// entity 31
{
"classname" "env_probe"
"name" "env_probe_area_32_0"
"origin" "0 0 0"
"spawnclass" "EnvironmentProbe"
}
// entity 32
{
"classname" "env_probe"
"name" "env_probe_area_33_0"
"origin" "464 2816 -940"
"spawnclass" "EnvironmentProbe"
}
// entity 33
{
"classname" "env_probe"
"name" "env_probe_area_34_0"
"origin" "576 2248 -752"
"spawnclass" "EnvironmentProbe"
}
// entity 34
{
"classname" "env_probe"
"name" "env_probe_area_35_0"
"origin" "588 1984 -936"
"spawnclass" "EnvironmentProbe"
}
// entity 35
{
"classname" "env_probe"
"name" "env_probe_area_36_0"
"origin" "606 1984 -752"
"spawnclass" "EnvironmentProbe"
}
// entity 36
{
"classname" "env_probe"
"name" "env_probe_area_37_0"
"origin" "352 2336 -944"
"spawnclass" "EnvironmentProbe"
}
// entity 37
{
"classname" "env_probe"
"name" "env_probe_area_38_0"
"origin" "352 2176 -944"
"spawnclass" "EnvironmentProbe"
}
// entity 38
{
"classname" "env_probe"
"name" "env_probe_area_39_0"
"origin" "288 1920 -736"
"spawnclass" "EnvironmentProbe"
}
// entity 39
{
"classname" "env_probe"
"name" "env_probe_area_40_0"
"origin" "-640 1984 -654"
"spawnclass" "EnvironmentProbe"
}
// entity 40
{
"classname" "env_probe"
"name" "env_probe_area_41_0"
"origin" "359 1984 -944"
"spawnclass" "EnvironmentProbe"
}
// entity 41
{
"classname" "env_probe"
"name" "env_probe_area_42_0"
"origin" "64 1984 -944"
"spawnclass" "EnvironmentProbe"
}
// entity 42
{
"classname" "env_probe"
"name" "env_probe_area_43_0"
"origin" "678 1712 -752"
"spawnclass" "EnvironmentProbe"
}
// entity 43
{
"classname" "env_probe"
"name" "env_probe_area_44_0"
"origin" "578 1720 -752"
"spawnclass" "EnvironmentProbe"
}
// entity 44
{
"classname" "env_probe"
"name" "env_probe_area_45_0"
"origin" "584 1312 -752"
"spawnclass" "EnvironmentProbe"
}
// entity 45
{
"classname" "env_probe"
"name" "env_probe_area_46_0"
"origin" "96 796 -748"
"spawnclass" "EnvironmentProbe"
}
// entity 46
{
"classname" "env_probe"
"name" "env_probe_area_47_0"
"origin" "400 1204 -788"
"spawnclass" "EnvironmentProbe"
}
// entity 47
{
"classname" "env_probe"
"name" "env_probe_area_48_0"
"origin" "208 1236 -788"
"spawnclass" "EnvironmentProbe"
}
// entity 48
{
"classname" "env_probe"
"name" "env_probe_area_50_0"
"origin" "192 -1408 -752"
"spawnclass" "EnvironmentProbe"
}
// entity 49
{
"classname" "env_probe"
"name" "env_probe_area_51_0"
"origin" "304 -1600 -768"
"spawnclass" "EnvironmentProbe"
}
// entity 50
{
"classname" "env_probe"
"name" "env_probe_area_52_0"
"origin" "384 -1760 -768"
"spawnclass" "EnvironmentProbe"
}
// entity 51
{
"classname" "env_probe"
"name" "env_probe_area_53_0"
"origin" "312 -1904 -768"
"spawnclass" "EnvironmentProbe"
}
// entity 52
{
"classname" "env_probe"
"name" "env_probe_area_54_0"
"origin" "160 -2176 -768"
"spawnclass" "EnvironmentProbe"
}
// entity 53
{
"classname" "env_probe"
"name" "env_probe_area_55_0"
"origin" "-401 3328 -852"
"spawnclass" "EnvironmentProbe"
}
// entity 54
{
"classname" "env_probe"
"name" "env_probe_area_57_0"
"origin" "-704 1984 -750"
"spawnclass" "EnvironmentProbe"
}
// entity 55
{
"classname" "env_probe"
"name" "env_probe_area_58_0"
"origin" "-704 1984 -878"
"spawnclass" "EnvironmentProbe"
}
// entity 56
{
"classname" "env_probe"
"name" "env_probe_area_60_0"
"origin" "-704 1216 -752"
"spawnclass" "EnvironmentProbe"
}
// entity 57
{
"classname" "env_probe"
"name" "env_probe_area_61_0"
"origin" "-704 832 -704"
"spawnclass" "EnvironmentProbe"
}
// entity 58
{
"classname" "env_probe"
"name" "env_probe_area_62_0"
"origin" "-320 748 -752"
"spawnclass" "EnvironmentProbe"
}
// entity 59
{
"classname" "env_probe"
"name" "env_probe_area_63_0"
"origin" "-528 360 -751"
"spawnclass" "EnvironmentProbe"
}
// entity 60
{
"classname" "env_probe"
"name" "env_probe_area_65_0"
"origin" "-544 -1520 -736"
"spawnclass" "EnvironmentProbe"
}
// entity 61
{
"classname" "env_probe"
"name" "env_probe_area_66_0"
"origin" "-64 -1568 -864"
"spawnclass" "EnvironmentProbe"
}
// entity 62
{
"classname" "env_probe"
"name" "env_probe_area_67_0"
"origin" "-256 -1600 -800"
"spawnclass" "EnvironmentProbe"
}
// entity 63
{
"classname" "env_probe"
"name" "env_probe_area_68_0"
"origin" "-604 -1660 -900"
"spawnclass" "EnvironmentProbe"
}
// entity 64
{
"classname" "env_probe"
"name" "env_probe_area_69_0"
"origin" "-64 -1760 -800"
"spawnclass" "EnvironmentProbe"
}
// entity 65
{
"classname" "env_probe"
"name" "env_probe_area_70_0"
"origin" "-160 -1760 -800"
"spawnclass" "EnvironmentProbe"
}
// entity 66
{
"classname" "env_probe"
"name" "env_probe_area_71_0"
"origin" "-256 -1760 -800"
"spawnclass" "EnvironmentProbe"
}
// entity 67
{
"classname" "env_probe"
"name" "env_probe_area_72_0"
"origin" "-528 -1792 -800"
"spawnclass" "EnvironmentProbe"
}
// entity 68
{
"classname" "env_probe"
"name" "env_probe_area_73_0"
"origin" "-432 -2016 -768"
"spawnclass" "EnvironmentProbe"
}
// entity 69
{
"classname" "env_probe"
"name" "env_probe_area_74_0"
"origin" "0 0 0"
"spawnclass" "EnvironmentProbe"
}
// entity 70
{
"classname" "env_probe"
"name" "env_probe_area_75_0"
"origin" "-2176 1984 -496"
"spawnclass" "EnvironmentProbe"
}
// entity 71
{
"classname" "env_probe"
"name" "env_probe_area_76_0"
"origin" "-1472 1984 -944"
"spawnclass" "EnvironmentProbe"
}
// entity 72
{
"classname" "env_probe"
"name" "env_probe_area_77_0"
"origin" "-2112 1984 -1040"
"spawnclass" "EnvironmentProbe"
}
// entity 73
{
"classname" "env_probe"
"name" "env_probe_ingame_placed_1"
"angle" "88.461914"
"origin" "-72 3210 -986"
"spawnclass" "EnvironmentProbe"
}
// entity 74
{
"classname" "env_probe"
"name" "env_probe_ingame_placed_2"
"angle" "183.691406"
"origin" "-51 3453 -933"
"spawnclass" "EnvironmentProbe"
}
// entity 75
{
"classname" "env_probe"
"name" "env_probe_ingame_placed_3"
"angle" "183.142090"
"origin" "479 3459 -981"
"spawnclass" "EnvironmentProbe"
}
// entity 76
{
"classname" "env_probe"
"name" "env_probe_ingame_placed_4"
"angle" "87.885132"
"origin" "936 3414 -955"
"spawnclass" "EnvironmentProbe"
}
// entity 77
{
"classname" "env_probe"
"name" "env_probe_ingame_placed_5"
"angle" "87.775269"
"origin" "939 3189 -960"
"spawnclass" "EnvironmentProbe"
}
// entity 78
{
"classname" "env_probe"
"name" "env_probe_ingame_placed_6"
"angle" "175.330811"
"origin" "912 2793 -953"
"spawnclass" "EnvironmentProbe"
}
// entity 79
{
"classname" "env_probe"
"name" "env_probe_ingame_placed_7"
"angle" "90.411987"
"origin" "260 2749 -959"
"spawnclass" "EnvironmentProbe"
}
// entity 80
{
"classname" "env_probe"
"name" "env_probe_ingame_placed_8"
"angle" "85.133057"
"origin" "1273 2697 -946"
"spawnclass" "EnvironmentProbe"
}
// entity 81
{
"classname" "env_probe"
"name" "env_probe_ingame_placed_9"
"angle" "23.312988"
"origin" "1242 2112 -988"
"spawnclass" "EnvironmentProbe"
}
// entity 82
{
"classname" "env_probe"
"name" "env_probe_ingame_placed_10"
"angle" "1.203003"
"origin" "892 1966 -971"
"spawnclass" "EnvironmentProbe"
}
// entity 83
{
"classname" "env_probe"
"name" "env_probe_ingame_placed_11"
"angle" "131.055908"
"origin" "1004 2241 -990"
"spawnclass" "EnvironmentProbe"
}
// entity 84
{
"classname" "env_probe"
"name" "env_probe_ingame_placed_12"
"angle" "86.390991"
"origin" "1247 2349 -990"
"spawnclass" "EnvironmentProbe"
}
// entity 85
{
"classname" "env_probe"
"name" "env_probe_ingame_placed_13"
"angle" "1.576538"
"origin" "907 2463 -1015"
"spawnclass" "EnvironmentProbe"
}
// entity 86
{
"classname" "env_probe"
"name" "env_probe_ingame_placed_14"
"angle" "177.604980"
"origin" "-154 1986 -956"
"spawnclass" "EnvironmentProbe"
}
// entity 87
{
"classname" "env_probe"
"name" "env_probe_ingame_placed_15"
"angle" "85.424194"
"origin" "-697 1443 -810"
"spawnclass" "EnvironmentProbe"
}
// entity 88
{
"classname" "env_probe"
"name" "env_probe_ingame_placed_16"
"angle" "2.482910"
"origin" "-1231 1984 -935"
"spawnclass" "EnvironmentProbe"
}
// entity 89
{
"classname" "env_probe"
"name" "env_probe_ingame_placed_17"
"angle" "272.065430"
"origin" "-702 2482 -796"
"spawnclass" "EnvironmentProbe"
}
// entity 90
{
"classname" "env_probe"
"name" "env_probe_ingame_placed_18"
"angle" "202.873535"
"origin" "-1005 1577 -874"
"spawnclass" "EnvironmentProbe"
}
// entity 91
{
"classname" "env_probe"
"name" "env_probe_ingame_placed_19"
"angle" "293.516235"
"origin" "-310 1604 -868"
"spawnclass" "EnvironmentProbe"
}
// entity 92
{
"classname" "env_probe"
"name" "env_probe_ingame_placed_20"
"angle" "355.336304"
"origin" "-249 1979 -804"
"spawnclass" "EnvironmentProbe"
}
// entity 93
{
"classname" "env_probe"
"name" "env_probe_ingame_placed_21"
"angle" "271.840210"
"origin" "41 1068 -759"
"spawnclass" "EnvironmentProbe"
}
// entity 94
{
"classname" "env_probe"
"name" "env_probe_ingame_placed_22"
"angle" "2.669678"
"origin" "-73 622 -764"
"spawnclass" "EnvironmentProbe"
}
// entity 95
{
"classname" "env_probe"
"name" "env_probe_ingame_placed_23"
"angle" "80.798950"
"origin" "-692 666 -754"
"spawnclass" "EnvironmentProbe"
}
// entity 96
{
"classname" "env_probe"
"name" "env_probe_ingame_placed_24"
"angle" "87.802734"
"origin" "1572 1437 -1129"
"spawnclass" "EnvironmentProbe"
}
// entity 97
{
"classname" "env_probe"
"name" "env_probe_ingame_placed_25"
"angle" "87.028198"
"origin" "1200 1311 -1128"
"spawnclass" "EnvironmentProbe"
}
// entity 98
{
"classname" "env_probe"
"name" "env_probe_ingame_placed_26"
"angle" "155.335693"
"origin" "1220 970 -1125"
"spawnclass" "EnvironmentProbe"
}
// entity 99
{
"classname" "env_probe"
"name" "env_probe_ingame_placed_27"
"angle" "179.868164"
"origin" "1557 893 -1152"
"spawnclass" "EnvironmentProbe"
}
// entity 100
{
"classname" "env_probe"
"name" "env_probe_ingame_placed_28"
"angle" "87.797241"
"origin" "1742 853 -1122"
"spawnclass" "EnvironmentProbe"
}
// entity 101
{
"classname" "env_probe"
"name" "env_probe_ingame_placed_29"
"angle" "2.763062"
"origin" "1665 220 -1118"
"spawnclass" "EnvironmentProbe"
}
// entity 102
{
"classname" "env_probe"
"name" "env_probe_ingame_placed_30"
"angle" "1.224976"
"origin" "1332 221 -1143"
"spawnclass" "EnvironmentProbe"
}
// entity 103
{
"classname" "env_probe"
"name" "env_probe_ingame_placed_31"
"angle" "86.912842"
"origin" "-499 -1135 -757"
"spawnclass" "EnvironmentProbe"
}
// entity 104
{
"classname" "env_probe"
"name" "env_probe_ingame_placed_32"
"angle" "188.986816"
"origin" "-882 -1524 -764"
"spawnclass" "EnvironmentProbe"
}
// entity 105
{
"classname" "env_probe"
"name" "env_probe_ingame_placed_33"
"angle" "88.148804"
"origin" "-742 -1139 -998"
"spawnclass" "EnvironmentProbe"
}
// entity 106
{
"classname" "env_probe"
"name" "env_probe_ingame_placed_34"
"angle" "352.364502"
"origin" "942 -211 -1101"
"spawnclass" "EnvironmentProbe"
}
// entity 107
{
"classname" "env_probe"
"name" "env_probe_ingame_placed_35"
"angle" "84.874878"
"origin" "797 -643 -1142"
"spawnclass" "EnvironmentProbe"
}
// entity 108
{
"classname" "env_probe"
"name" "env_probe_ingame_placed_36"
"angle" "317.274170"
"origin" "1106 -869 -1161"
"spawnclass" "EnvironmentProbe"
}
// entity 109
{
"classname" "env_probe"
"name" "env_probe_ingame_placed_37"
"angle" "90.703125"
"origin" "423 -823 -1157"
"spawnclass" "EnvironmentProbe"
}
// entity 110
{
"classname" "env_probe"
"name" "env_probe_ingame_placed_38"
"angle" "72.114258"
"origin" "-94 -1013 -1122"
"spawnclass" "EnvironmentProbe"
}
// entity 111
{
"classname" "env_probe"
"name" "env_probe_ingame_placed_39"
"angle" "104.013062"
"origin" "-125 -1348 -991"
"spawnclass" "EnvironmentProbe"
}
// entity 112
{
"classname" "env_probe"
"name" "env_probe_ingame_placed_40"
"angle" "183.433228"
"origin" "-140 -1293 -783"
"spawnclass" "EnvironmentProbe"
}
// entity 113
{
"classname" "env_probe"
"name" "env_probe_ingame_placed_41"
"angle" "83.880615"
"origin" "368 -1069 -731"
"spawnclass" "EnvironmentProbe"
}
// entity 114
{
"classname" "env_probe"
"name" "env_probe_ingame_placed_42"
"angle" "273.603516"
"origin" "1024 -954 -593"
"spawnclass" "EnvironmentProbe"
}
// entity 115
{
"classname" "env_probe"
"name" "env_probe_ingame_placed_43"
"angle" "92.543335"
"origin" "543 -888 -520"
"spawnclass" "EnvironmentProbe"
}
// entity 116
{
"classname" "env_probe"
"name" "env_probe_ingame_placed_44"
"angle" "0.252686"
"origin" "299 -1393 -766"
"spawnclass" "EnvironmentProbe"
}
// entity 117
{
"classname" "env_probe"
"name" "env_probe_ingame_placed_45"
"angle" "270.488892"
"origin" "-517 -182 -781"
"spawnclass" "EnvironmentProbe"
}
// entity 118
{
"classname" "env_probe"
"name" "env_probe_ingame_placed_46"
"angle" "359.038696"
"origin" "-6 -2199 -661"
"spawnclass" "EnvironmentProbe"
}
// entity 119
{
"classname" "env_probe"
"name" "env_probe_ingame_placed_47"
"angle" "5.971069"
"origin" "2 -2038 -837"
"spawnclass" "EnvironmentProbe"
}
// entity 120
{
"classname" "env_probe"
"name" "env_probe_ingame_placed_48"
"angle" "269.390259"
"origin" "-562 1997 -792"
"spawnclass" "EnvironmentProbe"
}
// entity 121
{
"classname" "env_probe"
"name" "env_probe_ingame_placed_49"
"angle" "1.571045"
"origin" "-721 1816 -802"
"spawnclass" "EnvironmentProbe"
}
// entity 122
{
"classname" "env_probe"
"name" "env_probe_ingame_placed_50"
"angle" "280.173340"
"origin" "-858 2048 -813"
"spawnclass" "EnvironmentProbe"
}
// entity 123
{
"classname" "env_probe"
"name" "env_probe_ingame_placed_51"
"angle" "176.440430"
"origin" "-627 2167 -772"
"spawnclass" "EnvironmentProbe"
}
// entity 124
{
"classname" "env_probe"
"name" "env_probe_ingame_placed_52"
"angle" "359.176025"
"origin" "-2566 1987 -962"
"spawnclass" "EnvironmentProbe"
}
// entity 125
{
"classname" "env_probe"
"name" "env_probe_ingame_placed_53"
"angle" "265.929565"
"origin" "-2129 2391 -980"
"spawnclass" "EnvironmentProbe"
}
// entity 126
{
"classname" "env_probe"
"name" "env_probe_ingame_placed_54"
"angle" "88.385010"
"origin" "-2110 1514 -977"
"spawnclass" "EnvironmentProbe"
}
// entity 127
{
"classname" "env_probe"
"name" "env_probe_ingame_placed_55"
"angle" "176.385498"
"origin" "-1705 1999 -982"
"spawnclass" "EnvironmentProbe"
}
// entity 128
{
"classname" "env_probe"
"name" "env_probe_ingame_placed_56"
"angle" "357.747803"
"origin" "-2172 1961 -900"
"spawnclass" "EnvironmentProbe"
}
// entity 345
{
"classname" "light"
"name" "light_6473"
"origin" "480 -1016 -512"
"noshadows" "0"
"nospecular" "0"
"nodiffuse" "0"
"falloff" "0"
"texture" "lights/xray02"
"_color" "0.82 0.53 0.39"
"light_radius" "2848 1504 1152"
"light_center" "-160 64 512"
}