Version 3
// entity 0
{
"classname" "env_probe"
"name" "env_probe_ingame_placed_0"
"angle" "266.154785"
"origin" "4056 -2149 -1039"
"spawnclass" "EnvironmentProbe"
}
// entity 1
{
"classname" "env_probe"
"name" "env_probe_ingame_placed_1"
"angle" "83.688354"
"origin" "4042 -1774 -1015"
"spawnclass" "EnvironmentProbe"
}
// entity 2
{
"classname" "env_probe"
"name" "env_probe_ingame_placed_2"
"angle" "280.887451"
"origin" "3892 -1531 -1039"
"spawnclass" "EnvironmentProbe"
}
// entity 3
{
"classname" "env_probe"
"name" "env_probe_ingame_placed_3"
"angle" "117.432861"
"origin" "3802 -1143 -908"
"spawnclass" "EnvironmentProbe"
}
// entity 4
{
"classname" "env_probe"
"name" "env_probe_ingame_placed_4"
"angle" "188.382568"
"origin" "3908 -869 -946"
"spawnclass" "EnvironmentProbe"
}
// entity 5
{
"classname" "env_probe"
"name" "env_probe_ingame_placed_5"
"angle" "182.774048"
"origin" "4137 -851 -956"
"spawnclass" "EnvironmentProbe"
}
// entity 6
{
"classname" "env_probe"
"name" "env_probe_ingame_placed_6"
"angle" "270.027466"
"origin" "3703 -130 -758"
"spawnclass" "EnvironmentProbe"
}
// entity 7
{
"classname" "env_probe"
"name" "env_probe_ingame_placed_7"
"angle" "268.379517"
"origin" "4240 -730 -1023"
"spawnclass" "EnvironmentProbe"
}
// entity 8
{
"classname" "env_probe"
"name" "env_probe_ingame_placed_8"
"angle" "285.979614"
"origin" "4209 -200 -983"
"spawnclass" "EnvironmentProbe"
}
// entity 9
{
"classname" "env_probe"
"name" "env_probe_ingame_placed_9"
"angle" "267.495117"
"origin" "3932 -137 -1036"
"spawnclass" "EnvironmentProbe"
}
// entity 10
{
"classname" "env_probe"
"name" "env_probe_ingame_placed_10"
"angle" "277.619019"
"origin" "3958 -133 -997"
"spawnclass" "EnvironmentProbe"
}
// entity 11
{
"classname" "env_probe"
"name" "env_probe_ingame_placed_11"
"angle" "53.245239"
"origin" "3902 1290 -943"
"spawnclass" "EnvironmentProbe"
}
// entity 12
{
"classname" "env_probe"
"name" "env_probe_ingame_placed_12"
"angle" "2.285156"
"origin" "2897 906 -905"
"spawnclass" "EnvironmentProbe"
}
// entity 13
{
"classname" "env_probe"
"name" "env_probe_ingame_placed_13"
"angle" "253.613892"
"origin" "1686 2092 -861"
"spawnclass" "EnvironmentProbe"
}
// entity 14
{
"classname" "env_probe"
"name" "env_probe_ingame_placed_14"
"angle" "273.845215"
"origin" "1684 2350 -824"
"spawnclass" "EnvironmentProbe"
}
// entity 15
{
"classname" "env_probe"
"name" "env_probe_ingame_placed_15"
"angle" "256.915283"
"origin" "1790 2582 -810"
"spawnclass" "EnvironmentProbe"
}
// entity 16
{
"classname" "env_probe"
"name" "env_probe_ingame_placed_16"
"angle" "1.845703"
"origin" "1764 2934 -681"
"spawnclass" "EnvironmentProbe"
}
// entity 17
{
"classname" "env_probe"
"name" "env_probe_ingame_placed_17"
"angle" "85.775757"
"origin" "1442 2938 -659"
"spawnclass" "EnvironmentProbe"
}
// entity 18
{
"classname" "env_probe"
"name" "env_probe_ingame_placed_18"
"angle" "359.208984"
"origin" "1727 2529 -666"
"spawnclass" "EnvironmentProbe"
}
// entity 19
{
"classname" "env_probe"
"name" "env_probe_ingame_placed_19"
"angle" "0.637207"
"origin" "1131 2983 -669"
"spawnclass" "EnvironmentProbe"
}
// entity 20
{
"classname" "env_probe"
"name" "env_probe_ingame_placed_20"
"angle" "281.436768"
"origin" "652 3056 -622"
"spawnclass" "EnvironmentProbe"
}
// entity 21
{
"classname" "env_probe"
"name" "env_probe_area_0_0"
"origin" "3968 1652 -892"
"spawnclass" "EnvironmentProbe"
}
// entity 22
{
"classname" "env_probe"
"name" "env_probe_area_1_0"
"origin" "3864 1056 -892"
"spawnclass" "EnvironmentProbe"
}
// entity 23
{
"classname" "env_probe"
"name" "env_probe_area_2_0"
"origin" "4416 240 -1040"
"spawnclass" "EnvironmentProbe"
}
// entity 24
{
"classname" "env_probe"
"name" "env_probe_area_4_0"
"origin" "3928 544 -892"
"spawnclass" "EnvironmentProbe"
}
// entity 25
{
"classname" "env_probe"
"name" "env_probe_area_5_0"
"origin" "3968 176 -892"
"spawnclass" "EnvironmentProbe"
}
// entity 26
{
"classname" "env_probe"
"name" "env_probe_area_6_0"
"origin" "4416 -1392 -1040"
"spawnclass" "EnvironmentProbe"
}
// entity 27
{
"classname" "env_probe"
"name" "env_probe_area_8_0"
"origin" "3936 -2160 -1024"
"spawnclass" "EnvironmentProbe"
}
// entity 28
{
"classname" "env_probe"
"name" "env_probe_area_10_0"
"origin" "3412 1048 -892"
"spawnclass" "EnvironmentProbe"
}
// entity 29
{
"classname" "env_probe"
"name" "env_probe_area_11_0"
"origin" "3084 1048 -892"
"spawnclass" "EnvironmentProbe"
}
// entity 30
{
"classname" "env_probe"
"name" "env_probe_area_13_0"
"origin" "3712 -928 -896"
"spawnclass" "EnvironmentProbe"
}
// entity 31
{
"classname" "env_probe"
"name" "env_probe_area_14_0"
"origin" "3871 -2432 -1004"
"spawnclass" "EnvironmentProbe"
}
// entity 32
{
"classname" "env_probe"
"name" "env_probe_area_16_0"
"origin" "2048 2844 -640"
"spawnclass" "EnvironmentProbe"
}
// entity 33
{
"classname" "env_probe"
"name" "env_probe_area_17_0"
"origin" "2032 2684 -640"
"spawnclass" "EnvironmentProbe"
}
// entity 34
{
"classname" "env_probe"
"name" "env_probe_area_18_0"
"origin" "2016 2528 -640"
"spawnclass" "EnvironmentProbe"
}
// entity 35
{
"classname" "env_probe"
"name" "env_probe_area_19_0"
"origin" "2784 1048 -892"
"spawnclass" "EnvironmentProbe"
}
// entity 36
{
"classname" "env_probe"
"name" "env_probe_area_20_0"
"origin" "2416 1088 -892"
"spawnclass" "EnvironmentProbe"
}
// entity 37
{
"classname" "env_probe"
"name" "env_probe_area_21_0"
"origin" "2096 1088 -896"
"spawnclass" "EnvironmentProbe"
}
// entity 38
{
"classname" "env_probe"
"name" "env_probe_area_22_0"
"origin" "1168 3040 -552"
"spawnclass" "EnvironmentProbe"
}
// entity 39
{
"classname" "env_probe"
"name" "env_probe_area_23_0"
"origin" "1672 2744 -696"
"spawnclass" "EnvironmentProbe"
}
// entity 40
{
"classname" "env_probe"
"name" "env_probe_area_24_0"
"origin" "1440 2656 -640"
"spawnclass" "EnvironmentProbe"
}
// entity 41
{
"classname" "env_probe"
"name" "env_probe_area_25_0"
"origin" "1696 2208 -696"
"spawnclass" "EnvironmentProbe"
}
// entity 42
{
"classname" "env_probe"
"name" "env_probe_area_26_0"
"origin" "1472 2528 -640"
"spawnclass" "EnvironmentProbe"
}
// entity 43
{
"classname" "env_probe"
"name" "env_probe_area_27_0"
"origin" "1344 2784 -640"
"spawnclass" "EnvironmentProbe"
}
// entity 44
{
"classname" "env_probe"
"name" "env_probe_area_28_0"
"origin" "1184 2784 -608"
"spawnclass" "EnvironmentProbe"
}
// entity 45
{
"classname" "env_probe"
"name" "env_probe_area_29_0"
"origin" "1696 1912 -872"
"spawnclass" "EnvironmentProbe"
}
// entity 46
{
"classname" "env_probe"
"name" "env_probe_area_30_0"
"origin" "1840 1920 -1092"
"spawnclass" "EnvironmentProbe"
}
// entity 47
{
"classname" "env_probe"
"name" "env_probe_area_31_0"
"origin" "1552 1920 -1092"
"spawnclass" "EnvironmentProbe"
}
// entity 48
{
"classname" "env_probe"
"name" "env_probe_area_33_0"
"origin" "1688 1752 -864"
"spawnclass" "EnvironmentProbe"
}
// entity 49
{
"classname" "env_probe"
"name" "env_probe_area_34_0"
"origin" "1904 1568 -832"
"spawnclass" "EnvironmentProbe"
}
// entity 50
{
"classname" "env_probe"
"name" "env_probe_area_35_0"
"origin" "1888 1312 -864"
"spawnclass" "EnvironmentProbe"
}
// entity 51
{
"classname" "env_probe"
"name" "env_probe_area_36_0"
"origin" "1696 1600 -792"
"spawnclass" "EnvironmentProbe"
}
// entity 52
{
"classname" "env_probe"
"name" "env_probe_area_37_0"
"origin" "1504 1312 -864"
"spawnclass" "EnvironmentProbe"
}
// entity 53
{
"classname" "env_probe"
"name" "env_probe_area_38_0"
"origin" "1488 1568 -832"
"spawnclass" "EnvironmentProbe"
}
// entity 54
{
"classname" "env_probe"
"name" "env_probe_area_40_0"
"origin" "1888 1024 -856"
"spawnclass" "EnvironmentProbe"
}
// entity 55
{
"classname" "env_probe"
"name" "env_probe_area_41_0"
"origin" "1504 1024 -872"
"spawnclass" "EnvironmentProbe"
}
// entity 56
{
"classname" "env_probe"
"name" "env_probe_area_42_0"
"origin" "1696 1088 -928"
"spawnclass" "EnvironmentProbe"
}
// entity 57
{
"classname" "env_probe"
"name" "env_probe_area_43_0"
"origin" "1298 1088 -896"
"spawnclass" "EnvironmentProbe"
}
// entity 58
{
"classname" "env_probe"
"name" "env_probe_area_46_0"
"origin" "704 3648 128"
"spawnclass" "EnvironmentProbe"
}
// entity 59
{
"classname" "env_probe"
"name" "env_probe_area_47_0"
"origin" "294 3216 -800"
"spawnclass" "EnvironmentProbe"
}
// entity 60
{
"classname" "env_probe"
"name" "env_probe_area_48_0"
"origin" "904 3008 -552"
"spawnclass" "EnvironmentProbe"
}
// entity 61
{
"classname" "env_probe"
"name" "env_probe_area_51_0"
"origin" "-232 3232 -736"
"spawnclass" "EnvironmentProbe"
}
// entity 62
{
"classname" "env_probe"
"name" "env_probe_ingame_placed_21"
"angle" "1.625977"
"origin" "560 2856 -665"
"spawnclass" "EnvironmentProbe"
}
// entity 63
{
"classname" "env_probe"
"name" "env_probe_ingame_placed_22"
"angle" "1.625977"
"origin" "267 2844 -663"
"spawnclass" "EnvironmentProbe"
}
// entity 64
{
"classname" "env_probe"
"name" "env_probe_ingame_placed_23"
"angle" "185.745850"
"origin" "75 2833 -645"
"spawnclass" "EnvironmentProbe"
}
// entity 65
{
"classname" "env_probe"
"name" "env_probe_ingame_placed_24"
"angle" "225.565796"
"origin" "450 3018 -722"
"spawnclass" "EnvironmentProbe"
}
// entity 66
{
"classname" "env_probe"
"name" "env_probe_ingame_placed_25"
"angle" "268.681641"
"origin" "530 3371 -792"
"spawnclass" "EnvironmentProbe"
}
// entity 67
{
"classname" "env_probe"
"name" "env_probe_ingame_placed_26"
"angle" "270.219727"
"origin" "116 3357 -726"
"spawnclass" "EnvironmentProbe"
}
// entity 68
{
"classname" "env_probe"
"name" "env_probe_ingame_placed_27"
"angle" "210.382690"
"origin" "-179 3136 -784"
"spawnclass" "EnvironmentProbe"
}
// entity 69
{
"classname" "env_probe"
"name" "env_probe_ingame_placed_28"
"angle" "180.049438"
"origin" "-34 3400 -815"
"spawnclass" "EnvironmentProbe"
}
