Version 3
// entity 0
{
"classname" "env_probe"
"name" ""
"angle" "359.230957"
"origin" "1431 -350 16"
"spawnclass" "EnvironmentProbe"
}
// entity 1
{
"classname" "env_probe"
"name" ""
"angle" "99.354858"
"origin" "-358 -462 44"
"spawnclass" "EnvironmentProbe"
}
// entity 2
{
"classname" "env_probe"
"name" ""
"angle" "179.538574"
"origin" "446 2104 -363"
"spawnclass" "EnvironmentProbe"
}
// entity 3
{
"classname" "env_probe"
"name" "env_probe_generated_area_0_pos_2024_1128__576"
"origin" "2024 1128 -576"
"spawnclass" "EnvironmentProbe"
}
// entity 4
{
"classname" "env_probe"
"name" "env_probe_generated_area_1_pos_1952_1600__576"
"origin" "1952 1600 -576"
"spawnclass" "EnvironmentProbe"
}
// entity 5
{
"classname" "env_probe"
"name" "env_probe_generated_area_2_pos_1992_1360__576"
"origin" "1992 1360 -576"
"spawnclass" "EnvironmentProbe"
}
// entity 6
{
"classname" "env_probe"
"name" "env_probe_generated_area_3_pos_1936_856__576"
"origin" "1936 856 -576"
"spawnclass" "EnvironmentProbe"
}
// entity 7
{
"classname" "env_probe"
"name" "env_probe_generated_area_4_pos_1992_616__576"
"origin" "1992 616 -576"
"spawnclass" "EnvironmentProbe"
}
// entity 8
{
"classname" "env_probe"
"name" "env_probe_generated_area_5_pos_2176__576_52"
"origin" "2176 -576 52"
"spawnclass" "EnvironmentProbe"
}
// entity 9
{
"classname" "env_probe"
"name" "env_probe_generated_area_6_pos_1697__616_144"
"origin" "1697 -616 144"
"spawnclass" "EnvironmentProbe"
}
// entity 10
{
"classname" "env_probe"
"name" "env_probe_generated_area_7_pos_2210__1376_64"
"origin" "2210 -1376 64"
"spawnclass" "EnvironmentProbe"
}
// entity 11
{
"classname" "env_probe"
"name" "env_probe_generated_area_8_pos_1160_1120_200"
"origin" "1160 1120 200"
"spawnclass" "EnvironmentProbe"
}
// entity 12
{
"classname" "env_probe"
"name" "env_probe_generated_area_9_pos_1712_1640__576"
"origin" "1712 1640 -576"
"spawnclass" "EnvironmentProbe"
}
// entity 13
{
"classname" "env_probe"
"name" "env_probe_generated_area_10_pos_1440_1584__576"
"origin" "1440 1584 -576"
"spawnclass" "EnvironmentProbe"
}
// entity 14
{
"classname" "env_probe"
"name" "env_probe_generated_area_11_pos_1208_1584__576"
"origin" "1208 1584 -576"
"spawnclass" "EnvironmentProbe"
}
// entity 15
{
"classname" "env_probe"
"name" "env_probe_generated_area_12_pos_1423_904__640"
"origin" "1423 904 -640"
"spawnclass" "EnvironmentProbe"
}
// entity 16
{
"classname" "env_probe"
"name" "env_probe_generated_area_13_pos_1164_813_136"
"origin" "1164 813 136"
"spawnclass" "EnvironmentProbe"
}
// entity 17
{
"classname" "env_probe"
"name" "env_probe_generated_area_14_pos_1056_418_611"
"origin" "1056 418 611"
"spawnclass" "EnvironmentProbe"
}
// entity 18
{
"classname" "env_probe"
"name" "env_probe_generated_area_15_pos_1080_548_227"
"origin" "1080 548 227"
"spawnclass" "EnvironmentProbe"
}
// entity 19
{
"classname" "env_probe"
"name" "env_probe_generated_area_16_pos_1384_64_212"
"origin" "1384 64 212"
"spawnclass" "EnvironmentProbe"
}
// entity 20
{
"classname" "env_probe"
"name" "env_probe_generated_area_17_pos_1056_302_208"
"origin" "1056 302 208"
"spawnclass" "EnvironmentProbe"
}
// entity 21
{
"classname" "env_probe"
"name" "env_probe_generated_area_18_pos_1126_38_252"
"origin" "1126 38 252"
"spawnclass" "EnvironmentProbe"
}
// entity 22
{
"classname" "env_probe"
"name" "env_probe_generated_area_19_pos_1664__956_212"
"origin" "1664 -956 212"
"spawnclass" "EnvironmentProbe"
}
// entity 23
{
"classname" "env_probe"
"name" "env_probe_generated_area_20_pos_1648__316_140"
"origin" "1648 -316 140"
"spawnclass" "EnvironmentProbe"
}
// entity 24
{
"classname" "env_probe"
"name" "env_probe_generated_area_21_pos_1269__392_224"
"origin" "1269 -392 224"
"spawnclass" "EnvironmentProbe"
}
// entity 25
{
"classname" "env_probe"
"name" "env_probe_generated_area_22_pos_1121__376_224"
"origin" "1121 -376 224"
"spawnclass" "EnvironmentProbe"
}
// entity 26
{
"classname" "env_probe"
"name" "env_probe_generated_area_23_pos_1920__1106_208"
"origin" "1920 -1106 208"
"spawnclass" "EnvironmentProbe"
}
// entity 27
{
"classname" "env_probe"
"name" "env_probe_generated_area_24_pos_288_2148__152"
"origin" "288 2148 -152"
"spawnclass" "EnvironmentProbe"
}
// entity 28
{
"classname" "env_probe"
"name" "env_probe_generated_area_25_pos_848_1128_200"
"origin" "848 1128 200"
"spawnclass" "EnvironmentProbe"
}
// entity 29
{
"classname" "env_probe"
"name" "env_probe_generated_area_26_pos_552_1088_200"
"origin" "552 1088 200"
"spawnclass" "EnvironmentProbe"
}
// entity 30
{
"classname" "env_probe"
"name" "env_probe_generated_area_28_pos_340_1346_56"
"origin" "340 1346 56"
"spawnclass" "EnvironmentProbe"
}
// entity 31
{
"classname" "env_probe"
"name" "env_probe_generated_area_29_pos_184_980_136"
"origin" "184 980 136"
"spawnclass" "EnvironmentProbe"
}
// entity 32
{
"classname" "env_probe"
"name" "env_probe_generated_area_30_pos_18_1408_0"
"origin" "18 1408 0"
"spawnclass" "EnvironmentProbe"
}
// entity 33
{
"classname" "env_probe"
"name" "env_probe_generated_area_31_pos_576_1920__368"
"origin" "576 1920 -368"
"spawnclass" "EnvironmentProbe"
}
// entity 34
{
"classname" "env_probe"
"name" "env_probe_generated_area_32_pos_80_1806__152"
"origin" "80 1806 -152"
"spawnclass" "EnvironmentProbe"
}
// entity 35
{
"classname" "env_probe"
"name" "env_probe_generated_area_34_pos_792_1308__576"
"origin" "792 1308 -576"
"spawnclass" "EnvironmentProbe"
}
// entity 36
{
"classname" "env_probe"
"name" "env_probe_generated_area_36_pos_512_1234__640"
"origin" "512 1234 -640"
"spawnclass" "EnvironmentProbe"
}
// entity 37
{
"classname" "env_probe"
"name" "env_probe_generated_area_38_pos_591_960__416"
"origin" "591 960 -416"
"spawnclass" "EnvironmentProbe"
}
// entity 38
{
"classname" "env_probe"
"name" "env_probe_generated_area_39_pos_878_16_252"
"origin" "878 16 252"
"spawnclass" "EnvironmentProbe"
}
// entity 39
{
"classname" "env_probe"
"name" "env_probe_generated_area_40_pos_862_512_176"
"origin" "862 512 176"
"spawnclass" "EnvironmentProbe"
}
// entity 40
{
"classname" "env_probe"
"name" "env_probe_generated_area_41_pos_532_255_232"
"origin" "532 255 232"
"spawnclass" "EnvironmentProbe"
}
// entity 41
{
"classname" "env_probe"
"name" "env_probe_generated_area_42_pos_50_414_32"
"origin" "50 414 32"
"spawnclass" "EnvironmentProbe"
}
// entity 42
{
"classname" "env_probe"
"name" "env_probe_generated_area_43_pos_50_110_56"
"origin" "50 110 56"
"spawnclass" "EnvironmentProbe"
}
// entity 43
{
"classname" "env_probe"
"name" "env_probe_generated_area_44_pos_448_960__176"
"origin" "448 960 -176"
"spawnclass" "EnvironmentProbe"
}
// entity 44
{
"classname" "env_probe"
"name" "env_probe_generated_area_45_pos_543__45_312"
"origin" "543 -45 312"
"spawnclass" "EnvironmentProbe"
}
// entity 45
{
"classname" "env_probe"
"name" "env_probe_generated_area_46_pos_203__24_224"
"origin" "203 -24 224"
"spawnclass" "EnvironmentProbe"
}
// entity 46
{
"classname" "env_probe"
"name" "env_probe_generated_area_48_pos_892__359_272"
"origin" "892 -359 272"
"spawnclass" "EnvironmentProbe"
}
// entity 47
{
"classname" "env_probe"
"name" "env_probe_generated_area_49_pos_144__320_220"
"origin" "144 -320 220"
"spawnclass" "EnvironmentProbe"
}
// entity 48
{
"classname" "env_probe"
"name" "env_probe_generated_area_50_pos_174__568_224"
"origin" "174 -568 224"
"spawnclass" "EnvironmentProbe"
}
// entity 49
{
"classname" "env_probe"
"name" "env_probe_generated_area_51_pos__1__576_208"
"origin" "-1 -576 208"
"spawnclass" "EnvironmentProbe"
}
// entity 50
{
"classname" "env_probe"
"name" "env_probe_generated_area_52_pos__320_2016__128"
"origin" "-320 2016 -128"
"spawnclass" "EnvironmentProbe"
}
// entity 51
{
"classname" "env_probe"
"name" "env_probe_generated_area_53_pos__112_1384_40"
"origin" "-112 1384 40"
"spawnclass" "EnvironmentProbe"
}
// entity 52
{
"classname" "env_probe"
"name" "env_probe_generated_area_54_pos__134_994_88"
"origin" "-134 994 88"
"spawnclass" "EnvironmentProbe"
}
// entity 53
{
"classname" "env_probe"
"name" "env_probe_generated_area_55_pos__282_1436_40"
"origin" "-282 1436 40"
"spawnclass" "EnvironmentProbe"
}
// entity 54
{
"classname" "env_probe"
"name" "env_probe_generated_area_56_pos__541_1416_4"
"origin" "-541 1416 4"
"spawnclass" "EnvironmentProbe"
}
// entity 55
{
"classname" "env_probe"
"name" "env_probe_generated_area_57_pos__499_1119__64"
"origin" "-499 1119 -64"
"spawnclass" "EnvironmentProbe"
}
// entity 56
{
"classname" "env_probe"
"name" "env_probe_generated_area_58_pos__954_1134_0"
"origin" "-954 1134 0"
"spawnclass" "EnvironmentProbe"
}
// entity 57
{
"classname" "env_probe"
"name" "env_probe_generated_area_59_pos__144_1164__154"
"origin" "-144 1164 -154"
"spawnclass" "EnvironmentProbe"
}
// entity 58
{
"classname" "env_probe"
"name" "env_probe_generated_area_60_pos__136_1712__192"
"origin" "-136 1712 -192"
"spawnclass" "EnvironmentProbe"
}
// entity 59
{
"classname" "env_probe"
"name" "env_probe_generated_area_61_pos__782_1136__96"
"origin" "-782 1136 -96"
"spawnclass" "EnvironmentProbe"
}
// entity 60
{
"classname" "env_probe"
"name" "env_probe_generated_area_62_pos__168_739_72"
"origin" "-168 739 72"
"spawnclass" "EnvironmentProbe"
}
// entity 61
{
"classname" "env_probe"
"name" "env_probe_generated_area_63_pos__922_690__16"
"origin" "-922 690 -16"
"spawnclass" "EnvironmentProbe"
}
// entity 62
{
"classname" "env_probe"
"name" "env_probe_generated_area_64_pos__164_557_32"
"origin" "-164 557 32"
"spawnclass" "EnvironmentProbe"
}
// entity 63
{
"classname" "env_probe"
"name" "env_probe_generated_area_66_pos__428_548_32"
"origin" "-428 548 32"
"spawnclass" "EnvironmentProbe"
}
// entity 64
{
"classname" "env_probe"
"name" "env_probe_generated_area_67_pos__634_576__72"
"origin" "-634 576 -72"
"spawnclass" "EnvironmentProbe"
}
// entity 65
{
"classname" "env_probe"
"name" "env_probe_generated_area_68_pos__138_318_32"
"origin" "-138 318 32"
"spawnclass" "EnvironmentProbe"
}
// entity 66
{
"classname" "env_probe"
"name" "env_probe_generated_area_69_pos__242_308_56"
"origin" "-242 308 56"
"spawnclass" "EnvironmentProbe"
}
// entity 67
{
"classname" "env_probe"
"name" "env_probe_generated_area_70_pos__398_300_56"
"origin" "-398 300 56"
"spawnclass" "EnvironmentProbe"
}
// entity 68
{
"classname" "env_probe"
"name" "env_probe_generated_area_71_pos__612_308_56"
"origin" "-612 308 56"
"spawnclass" "EnvironmentProbe"
}
// entity 69
{
"classname" "env_probe"
"name" "env_probe_generated_area_72_pos__830_290__72"
"origin" "-830 290 -72"
"spawnclass" "EnvironmentProbe"
}
// entity 70
{
"classname" "env_probe"
"name" "env_probe_generated_area_73_pos__122_158_24"
"origin" "-122 158 24"
"spawnclass" "EnvironmentProbe"
}
// entity 71
{
"classname" "env_probe"
"name" "env_probe_generated_area_74_pos__430_168_56"
"origin" "-430 168 56"
"spawnclass" "EnvironmentProbe"
}
// entity 72
{
"classname" "env_probe"
"name" "env_probe_generated_area_75_pos__832_416__72"
"origin" "-832 416 -72"
"spawnclass" "EnvironmentProbe"
}
// entity 73
{
"classname" "env_probe"
"name" "env_probe_generated_area_76_pos__385__3_32"
"origin" "-385 -3 32"
"spawnclass" "EnvironmentProbe"
}
// entity 74
{
"classname" "env_probe"
"name" "env_probe_generated_area_77_pos__656_32_32"
"origin" "-656 32 32"
"spawnclass" "EnvironmentProbe"
}
// entity 75
{
"classname" "env_probe"
"name" "env_probe_generated_area_79_pos__319__581_188"
"origin" "-319 -581 188"
"spawnclass" "EnvironmentProbe"
}
// entity 76
{
"classname" "env_probe"
"name" "env_probe_generated_area_80_pos__384__157_24"
"origin" "-384 -157 24"
"spawnclass" "EnvironmentProbe"
}
// entity 77
{
"classname" "env_probe"
"name" "env_probe_generated_area_81_pos__300__722_168"
"origin" "-300 -722 168"
"spawnclass" "EnvironmentProbe"
}
